#
# There is insufficient memory for the Java Runtime Environment to continue.
# Native memory allocation (malloc) failed to allocate 32744 bytes. Error detail: Chunk::new
# Possible reasons:
#   The system is out of physical RAM or swap space
#   This process is running with CompressedOops enabled, and the Java Heap may be blocking the growth of the native heap
# Possible solutions:
#   Reduce memory load on the system
#   Increase physical memory or swap space
#   Check if swap backing store is full
#   Decrease Java heap size (-Xmx/-Xms)
#   Decrease number of Java threads
#   Decrease Java thread stack sizes (-Xss)
#   Set larger code cache with -XX:ReservedCodeCacheSize=
#   JVM is running with Unscaled Compressed Oops mode in which the Java heap is
#     placed in the first 4GB address space. The Java Heap base address is the
#     maximum limit for the native heap growth. Please use -XX:HeapBaseMinAddress
#     to set the Java Heap base and to place the Java Heap above 4GB virtual address.
# This output file may be truncated or incomplete.
#
#  Out of Memory Error (arena.cpp:168), pid=9616, tid=30184
#
# JRE version: OpenJDK Runtime Environment Temurin-21.0.11+10 (21.0.11+10) (build 21.0.11+10-LTS)
# Java VM: OpenJDK 64-Bit Server VM Temurin-21.0.11+10 (21.0.11+10-LTS, mixed mode, sharing, tiered, compressed oops, compressed class ptrs, g1 gc, windows-amd64)
# No core dump will be written. Minidumps are not enabled by default on client versions of Windows
#

---------------  S U M M A R Y ------------

Command Line: -Dcom.sun.management.jmxremote -Dcom.sun.management.jmxremote.port=4334 -Dcom.sun.management.jmxremote.authenticate=false -Dcom.sun.management.jmxremote.ssl=false -Dspring.jmx.enabled=true -Djava.rmi.server.hostname=localhost -Dspring.application.admin.enabled=true -Dspring.boot.project.name=discovery-service -XX:+ShowCodeDetailsInExceptionMessages -Dmanagement.endpoints.jmx.exposure.include=* com.dgnv.discovery_service.DiscoveryServiceApplication

Host: AMD Ryzen 5 7520U with Radeon Graphics         , 8 cores, 7G,  Windows 11 , 64 bit Build 26100 (10.0.26100.9168)
Time: Mon Sep  7 13:56:03 2026 Sri Lanka Standard Time elapsed time: 984.176698 seconds (0d 0h 16m 24s)

---------------  T H R E A D  ---------------

Current thread (0x0000024bda784ee0):  JavaThread "C2 CompilerThread0" daemon [_thread_in_native, id=30184, stack(0x000000d04b400000,0x000000d04b500000) (1024K)]


Current CompileTask:
C2:984177 11112       4       com.netflix.eureka.util.batcher.AcceptorExecutor$AcceptorRunner::assignBatchWork (211 bytes)

Stack: [0x000000d04b400000,0x000000d04b500000]
Native frames: (J=compiled Java code, j=interpreted, Vv=VM code, C=native code)
V  [jvm.dll+0x6d7e19]
V  [jvm.dll+0x8b5096]
V  [jvm.dll+0x8b764e]
V  [jvm.dll+0x8b7d33]
V  [jvm.dll+0x284596]
V  [jvm.dll+0xc685d]
V  [jvm.dll+0xc6da1]
V  [jvm.dll+0xc6985]
V  [jvm.dll+0x6b4108]
V  [jvm.dll+0x8e258]
V  [jvm.dll+0x66d88d]
V  [jvm.dll+0x39c629]
V  [jvm.dll+0x6e80eb]
V  [jvm.dll+0x6e78be]
V  [jvm.dll+0x1ce4fc]
V  [jvm.dll+0x1cf09e]
V  [jvm.dll+0x2fa71c]
V  [jvm.dll+0x6f22b3]
V  [jvm.dll+0x6ea3a9]
V  [jvm.dll+0x6e9aa9]
V  [jvm.dll+0x6e7b2e]
V  [jvm.dll+0x1ce4fc]
V  [jvm.dll+0x1cf09e]
V  [jvm.dll+0x1cf09e]
V  [jvm.dll+0x2fa71c]
V  [jvm.dll+0x6f22b3]
V  [jvm.dll+0x6ea3a9]
V  [jvm.dll+0x6e9aa9]
V  [jvm.dll+0x6e7b2e]
V  [jvm.dll+0x1ce4fc]
V  [jvm.dll+0x24b919]
V  [jvm.dll+0x1cb4ae]
V  [jvm.dll+0x25baad]
V  [jvm.dll+0x25a03a]
V  [jvm.dll+0x3f868e]
V  [jvm.dll+0x85fb0d]
V  [jvm.dll+0x6d664d]
C  [ucrtbase.dll+0x2cd30]
C  [KERNEL32.DLL+0x2ccb7]
C  [ntdll.dll+0xaad6c]


---------------  P R O C E S S  ---------------

Threads class SMR info:
_java_thread_list=0x0000024c22e818b0, length=64, elements={
0x0000024bda773850, 0x0000024bda7762c0, 0x0000024bda77ed40, 0x0000024bda77f7a0,
0x0000024bda780330, 0x0000024bda787060, 0x0000024bda784ee0, 0x0000024bda790e10,
0x0000024bda91ae40, 0x0000024bda96ff40, 0x0000024c209e00e0, 0x0000024c209e0f60,
0x0000024c205292b0, 0x0000024c209cdfe0, 0x0000024c2080c0d0, 0x0000024c209826f0,
0x0000024c20fba140, 0x0000024c20fbbb80, 0x0000024c20fb9ab0, 0x0000024c21b779b0,
0x0000024c21b76600, 0x0000024c21b793f0, 0x0000024c21b78d60, 0x0000024c21b7a110,
0x0000024c21b76c90, 0x0000024c21b7a7a0, 0x0000024c21b77320, 0x0000024c21b79a80,
0x0000024c21b7b4c0, 0x0000024c21b78040, 0x0000024c21b786d0, 0x0000024c21b7bb50,
0x0000024c21b7c1e0, 0x0000024c21b7c870, 0x0000024c21b7cf00, 0x0000024c21b7d590,
0x0000024c21b7dc20, 0x0000024c22c28e70, 0x0000024c22c27430, 0x0000024c22c287e0,
0x0000024c22c26080, 0x0000024c22c29500, 0x0000024c22c26da0, 0x0000024c22c26710,
0x0000024c22c29b90, 0x0000024c22c2a220, 0x0000024c22c2a8b0, 0x0000024c22c2af40,
0x0000024c22c27ac0, 0x0000024c22c2b5d0, 0x0000024c22c28150, 0x0000024c22c2bc60,
0x0000024c22c2d010, 0x0000024c22c2d6a0, 0x0000024c22c2c2f0, 0x0000024c235751d0,
0x0000024c23573e20, 0x0000024c235744b0, 0x0000024c23575860, 0x0000024c23573790,
0x0000024c235723e0, 0x0000024c23572a70, 0x0000024c23574b40, 0x0000024c23575ef0
}

Java Threads: ( => current thread )
  0x0000024bda773850 JavaThread "Reference Handler"          daemon [_thread_blocked, id=27160, stack(0x000000d04ae00000,0x000000d04af00000) (1024K)]
  0x0000024bda7762c0 JavaThread "Finalizer"                  daemon [_thread_blocked, id=18160, stack(0x000000d04af00000,0x000000d04b000000) (1024K)]
  0x0000024bda77ed40 JavaThread "Signal Dispatcher"          daemon [_thread_blocked, id=25984, stack(0x000000d04b000000,0x000000d04b100000) (1024K)]
  0x0000024bda77f7a0 JavaThread "Attach Listener"            daemon [_thread_blocked, id=16712, stack(0x000000d04b100000,0x000000d04b200000) (1024K)]
  0x0000024bda780330 JavaThread "Service Thread"             daemon [_thread_blocked, id=30040, stack(0x000000d04b200000,0x000000d04b300000) (1024K)]
  0x0000024bda787060 JavaThread "Monitor Deflation Thread"   daemon [_thread_blocked, id=16080, stack(0x000000d04b300000,0x000000d04b400000) (1024K)]
=>0x0000024bda784ee0 JavaThread "C2 CompilerThread0"         daemon [_thread_in_native, id=30184, stack(0x000000d04b400000,0x000000d04b500000) (1024K)]
  0x0000024bda790e10 JavaThread "C1 CompilerThread0"         daemon [_thread_blocked, id=24472, stack(0x000000d04b500000,0x000000d04b600000) (1024K)]
  0x0000024bda91ae40 JavaThread "Notification Thread"        daemon [_thread_blocked, id=3964, stack(0x000000d04b600000,0x000000d04b700000) (1024K)]
  0x0000024bda96ff40 JavaThread "Common-Cleaner"             daemon [_thread_blocked, id=28996, stack(0x000000d04b700000,0x000000d04b800000) (1024K)]
  0x0000024c209e00e0 JavaThread "RMI TCP Accept-0"           daemon [_thread_in_native, id=20132, stack(0x000000d04b800000,0x000000d04b900000) (1024K)]
  0x0000024c209e0f60 JavaThread "RMI TCP Accept-0"           daemon [_thread_in_native, id=26460, stack(0x000000d04b900000,0x000000d04ba00000) (1024K)]
  0x0000024c205292b0 JavaThread "RMI TCP Accept-4334"        daemon [_thread_in_native, id=1932, stack(0x000000d04ba00000,0x000000d04bb00000) (1024K)]
  0x0000024c209cdfe0 JavaThread "RMI TCP Connection(1)-127.0.0.1" daemon [_thread_in_native, id=8828, stack(0x000000d04bb00000,0x000000d04bc00000) (1024K)]
  0x0000024c2080c0d0 JavaThread "RMI Scheduler(0)"           daemon [_thread_blocked, id=26412, stack(0x000000d04bc00000,0x000000d04bd00000) (1024K)]
  0x0000024c209826f0 JavaThread "JMX server connection timeout 27" daemon [_thread_blocked, id=25948, stack(0x000000d04bd00000,0x000000d04be00000) (1024K)]
  0x0000024c20fba140 JavaThread "Catalina-utility-1"                [_thread_blocked, id=11244, stack(0x000000d04c500000,0x000000d04c600000) (1024K)]
  0x0000024c20fbbb80 JavaThread "Catalina-utility-2"                [_thread_blocked, id=28216, stack(0x000000d04c700000,0x000000d04c800000) (1024K)]
  0x0000024c20fb9ab0 JavaThread "container-0"                       [_thread_blocked, id=29356, stack(0x000000d04c800000,0x000000d04c900000) (1024K)]
  0x0000024c21b779b0 JavaThread "spectator-gauge-polling-0"  daemon [_thread_blocked, id=32368, stack(0x000000d04ca00000,0x000000d04cb00000) (1024K)]
  0x0000024c21b76600 JavaThread "Eureka-DeltaRetentionTimer" daemon [_thread_blocked, id=32348, stack(0x000000d04cb00000,0x000000d04cc00000) (1024K)]
  0x0000024c21b793f0 JavaThread "Eureka-EvictionTimer"       daemon [_thread_blocked, id=32444, stack(0x000000d04cc00000,0x000000d04cd00000) (1024K)]
  0x0000024c21b78d60 JavaThread "Eureka-MeasureRateTimer"    daemon [_thread_blocked, id=32448, stack(0x000000d04cd00000,0x000000d04ce00000) (1024K)]
  0x0000024c21b7a110 JavaThread "ReplicaAwareInstanceRegistry - RenewalThresholdUpdater" daemon [_thread_blocked, id=32508, stack(0x000000d04ce00000,0x000000d04cf00000) (1024K)]
  0x0000024c21b76c90 JavaThread "Eureka-MeasureRateTimer"    daemon [_thread_blocked, id=14180, stack(0x000000d04cf00000,0x000000d04d000000) (1024K)]
  0x0000024c21b7a7a0 JavaThread "Eureka-Jersey3Client-Conn-Cleaner2" daemon [_thread_blocked, id=15968, stack(0x000000d04d000000,0x000000d04d100000) (1024K)]
  0x0000024c21b77320 JavaThread "TaskAcceptor-target_localhost" daemon [_thread_in_Java, id=20604, stack(0x000000d04d100000,0x000000d04d200000) (1024K)]
  0x0000024c21b79a80 JavaThread "TaskBatchingWorker-target_localhost-0" daemon [_thread_blocked, id=18380, stack(0x000000d04d200000,0x000000d04d300000) (1024K)]
  0x0000024c21b7b4c0 JavaThread "TaskBatchingWorker-target_localhost-1" daemon [_thread_blocked, id=17652, stack(0x000000d04d300000,0x000000d04d400000) (1024K)]
  0x0000024c21b78040 JavaThread "TaskBatchingWorker-target_localhost-2" daemon [_thread_blocked, id=11952, stack(0x000000d04d400000,0x000000d04d500000) (1024K)]
  0x0000024c21b786d0 JavaThread "TaskBatchingWorker-target_localhost-3" daemon [_thread_blocked, id=3288, stack(0x000000d04d500000,0x000000d04d600000) (1024K)]
  0x0000024c21b7bb50 JavaThread "TaskBatchingWorker-target_localhost-4" daemon [_thread_blocked, id=27660, stack(0x000000d04d600000,0x000000d04d700000) (1024K)]
  0x0000024c21b7c1e0 JavaThread "TaskBatchingWorker-target_localhost-5" daemon [_thread_blocked, id=31700, stack(0x000000d04d700000,0x000000d04d800000) (1024K)]
  0x0000024c21b7c870 JavaThread "TaskBatchingWorker-target_localhost-6" daemon [_thread_blocked, id=22744, stack(0x000000d04d800000,0x000000d04d900000) (1024K)]
  0x0000024c21b7cf00 JavaThread "TaskBatchingWorker-target_localhost-7" daemon [_thread_blocked, id=32572, stack(0x000000d04d900000,0x000000d04da00000) (1024K)]
  0x0000024c21b7d590 JavaThread "TaskBatchingWorker-target_localhost-8" daemon [_thread_blocked, id=32532, stack(0x000000d04da00000,0x000000d04db00000) (1024K)]
  0x0000024c21b7dc20 JavaThread "TaskBatchingWorker-target_localhost-9" daemon [_thread_blocked, id=32540, stack(0x000000d04db00000,0x000000d04dc00000) (1024K)]
  0x0000024c22c28e70 JavaThread "TaskBatchingWorker-target_localhost-10" daemon [_thread_blocked, id=32536, stack(0x000000d04dc00000,0x000000d04dd00000) (1024K)]
  0x0000024c22c27430 JavaThread "TaskBatchingWorker-target_localhost-11" daemon [_thread_blocked, id=32456, stack(0x000000d04dd00000,0x000000d04de00000) (1024K)]
  0x0000024c22c287e0 JavaThread "TaskBatchingWorker-target_localhost-12" daemon [_thread_blocked, id=12560, stack(0x000000d04de00000,0x000000d04df00000) (1024K)]
  0x0000024c22c26080 JavaThread "TaskBatchingWorker-target_localhost-13" daemon [_thread_blocked, id=32584, stack(0x000000d04df00000,0x000000d04e000000) (1024K)]
  0x0000024c22c29500 JavaThread "TaskBatchingWorker-target_localhost-14" daemon [_thread_blocked, id=32476, stack(0x000000d04e000000,0x000000d04e100000) (1024K)]
  0x0000024c22c26da0 JavaThread "TaskBatchingWorker-target_localhost-15" daemon [_thread_blocked, id=32484, stack(0x000000d04e100000,0x000000d04e200000) (1024K)]
  0x0000024c22c26710 JavaThread "TaskBatchingWorker-target_localhost-16" daemon [_thread_blocked, id=32488, stack(0x000000d04e200000,0x000000d04e300000) (1024K)]
  0x0000024c22c29b90 JavaThread "TaskBatchingWorker-target_localhost-17" daemon [_thread_blocked, id=32480, stack(0x000000d04e300000,0x000000d04e400000) (1024K)]
  0x0000024c22c2a220 JavaThread "TaskBatchingWorker-target_localhost-18" daemon [_thread_blocked, id=32472, stack(0x000000d04e400000,0x000000d04e500000) (1024K)]
  0x0000024c22c2a8b0 JavaThread "TaskBatchingWorker-target_localhost-19" daemon [_thread_blocked, id=32500, stack(0x000000d04e500000,0x000000d04e600000) (1024K)]
  0x0000024c22c2af40 JavaThread "TaskAcceptor-localhost"     daemon [_thread_blocked, id=26584, stack(0x000000d04e600000,0x000000d04e700000) (1024K)]
  0x0000024c22c27ac0 JavaThread "TaskNonBatchingWorker-localhost-0" daemon [_thread_blocked, id=28692, stack(0x000000d04e700000,0x000000d04e800000) (1024K)]
  0x0000024c22c2b5d0 JavaThread "Eureka-PeerNodesUpdater"    daemon [_thread_blocked, id=29484, stack(0x000000d04e800000,0x000000d04e900000) (1024K)]
  0x0000024c22c28150 JavaThread "Eureka-CacheFillTimer"      daemon [_thread_blocked, id=32548, stack(0x000000d04e900000,0x000000d04ea00000) (1024K)]
  0x0000024c22c2bc60 JavaThread "http-nio-8761-exec-1"       daemon [_thread_blocked, id=32520, stack(0x000000d04eb00000,0x000000d04ec00000) (1024K)]
  0x0000024c22c2d010 JavaThread "http-nio-8761-exec-2"       daemon [_thread_blocked, id=3120, stack(0x000000d04ec00000,0x000000d04ed00000) (1024K)]
  0x0000024c22c2d6a0 JavaThread "http-nio-8761-exec-3"       daemon [_thread_blocked, id=25164, stack(0x000000d04ed00000,0x000000d04ee00000) (1024K)]
  0x0000024c22c2c2f0 JavaThread "http-nio-8761-exec-4"       daemon [_thread_blocked, id=7840, stack(0x000000d04ee00000,0x000000d04ef00000) (1024K)]
  0x0000024c235751d0 JavaThread "http-nio-8761-exec-5"       daemon [_thread_blocked, id=19656, stack(0x000000d04ef00000,0x000000d04f000000) (1024K)]
  0x0000024c23573e20 JavaThread "http-nio-8761-exec-6"       daemon [_thread_blocked, id=32640, stack(0x000000d04f000000,0x000000d04f100000) (1024K)]
  0x0000024c235744b0 JavaThread "http-nio-8761-exec-7"       daemon [_thread_blocked, id=32660, stack(0x000000d04f100000,0x000000d04f200000) (1024K)]
  0x0000024c23575860 JavaThread "http-nio-8761-exec-8"       daemon [_thread_blocked, id=29968, stack(0x000000d04f200000,0x000000d04f300000) (1024K)]
  0x0000024c23573790 JavaThread "http-nio-8761-exec-9"       daemon [_thread_blocked, id=32612, stack(0x000000d04f300000,0x000000d04f400000) (1024K)]
  0x0000024c235723e0 JavaThread "http-nio-8761-exec-10"      daemon [_thread_blocked, id=32616, stack(0x000000d04f400000,0x000000d04f500000) (1024K)]
  0x0000024c23572a70 JavaThread "http-nio-8761-Poller"       daemon [_thread_in_native, id=32648, stack(0x000000d04ea00000,0x000000d04eb00000) (1024K)]
  0x0000024c23574b40 JavaThread "http-nio-8761-Acceptor"     daemon [_thread_in_native, id=32644, stack(0x000000d04f500000,0x000000d04f600000) (1024K)]
  0x0000024c23575ef0 JavaThread "DestroyJavaVM"                     [_thread_blocked, id=5256, stack(0x000000d04a600000,0x000000d04a700000) (1024K)]
Total: 64

Other Threads:
  0x0000024bda759d30 VMThread "VM Thread"                           [id=27560, stack(0x000000d04ad00000,0x000000d04ae00000) (1024K)]
  0x0000024bda749d90 WatcherThread "VM Periodic Task Thread"        [id=23788, stack(0x000000d04ac00000,0x000000d04ad00000) (1024K)]
  0x0000024bbbe4b330 WorkerThread "GC Thread#0"                     [id=17800, stack(0x000000d04a700000,0x000000d04a800000) (1024K)]
  0x0000024c206699e0 WorkerThread "GC Thread#1"                     [id=14852, stack(0x000000d04be00000,0x000000d04bf00000) (1024K)]
  0x0000024c20669630 WorkerThread "GC Thread#2"                     [id=27344, stack(0x000000d04bf00000,0x000000d04c000000) (1024K)]
  0x0000024c2066a140 WorkerThread "GC Thread#3"                     [id=10800, stack(0x000000d04c000000,0x000000d04c100000) (1024K)]
  0x0000024c20669d90 WorkerThread "GC Thread#4"                     [id=4124, stack(0x000000d04c100000,0x000000d04c200000) (1024K)]
  0x0000024c2066ac50 WorkerThread "GC Thread#5"                     [id=15248, stack(0x000000d04c200000,0x000000d04c300000) (1024K)]
  0x0000024c2066a4f0 WorkerThread "GC Thread#6"                     [id=25680, stack(0x000000d04c300000,0x000000d04c400000) (1024K)]
  0x0000024c2066a8a0 WorkerThread "GC Thread#7"                     [id=28988, stack(0x000000d04c400000,0x000000d04c500000) (1024K)]
  0x0000024bbbe5aca0 ConcurrentGCThread "G1 Main Marker"            [id=28208, stack(0x000000d04a800000,0x000000d04a900000) (1024K)]
  0x0000024bbbe5e2f0 WorkerThread "G1 Conc#0"                       [id=29560, stack(0x000000d04a900000,0x000000d04aa00000) (1024K)]
  0x0000024c221d7710 WorkerThread "G1 Conc#1"                       [id=24304, stack(0x000000d04c600000,0x000000d04c700000) (1024K)]
  0x0000024bda60e5c0 ConcurrentGCThread "G1 Refine#0"               [id=11964, stack(0x000000d04aa00000,0x000000d04ab00000) (1024K)]
  0x0000024bda60edf0 ConcurrentGCThread "G1 Service"                [id=28416, stack(0x000000d04ab00000,0x000000d04ac00000) (1024K)]
Total: 15

Threads with active compile tasks:
C2 CompilerThread0  984244 11112       4       com.netflix.eureka.util.batcher.AcceptorExecutor$AcceptorRunner::assignBatchWork (211 bytes)
Total: 1

VM state: not at safepoint (normal execution)

VM Mutex/Monitor currently owned by a thread: None

Heap address: 0x000000008b800000, size: 1864 MB, Compressed Oops mode: 32-bit

CDS archive(s) mapped at: [0x0000024bdb000000-0x0000024bdbc80000-0x0000024bdbc80000), size 13107200, SharedBaseAddress: 0x0000024bdb000000, ArchiveRelocationMode: 1.
Compressed class space mapped at: 0x0000024bdc000000-0x0000024c1c000000, reserved size: 1073741824
Narrow klass base: 0x0000024bdb000000, Narrow klass shift: 0, Narrow klass range: 0x100000000

GC Precious Log:
 CardTable entry size: 512
 Card Set container configuration: InlinePtr #cards 5 size 8 Array Of Cards #cards 12 size 40 Howl #buckets 4 coarsen threshold 1843 Howl Bitmap #cards 512 size 80 coarsen threshold 460 Card regions per heap region 1 cards per card region 2048
 CPUs: 8 total, 8 available
 Memory: 7455M
 Large Page Support: Disabled
 NUMA Support: Disabled
 Compressed Oops: Enabled (32-bit)
 Heap Region Size: 1M
 Heap Min Capacity: 8M
 Heap Initial Capacity: 118M
 Heap Max Capacity: 1864M
 Pre-touch: Disabled
 Parallel Workers: 8
 Concurrent Workers: 2
 Concurrent Refinement Workers: 8
 Periodic GC: Disabled

Heap:
 garbage-first heap   total 95232K, used 61391K [0x000000008b800000, 0x0000000100000000)
  region size 1024K, 17 young (17408K), 1 survivors (1024K)
 Metaspace       used 66222K, committed 67136K, reserved 1114112K
  class space    used 8593K, committed 9024K, reserved 1048576K

Heap Regions: E=young(eden), S=young(survivor), O=old, HS=humongous(starts), HC=humongous(continues), CS=collection set, F=free, TAMS=top-at-mark-start, PB=parsable bottom
|   0|0x000000008b800000, 0x000000008b900000, 0x000000008b900000|100%|HS|  |TAMS 0x000000008b800000| PB 0x000000008b800000| Complete 
|   1|0x000000008b900000, 0x000000008ba00000, 0x000000008ba00000|100%| O|  |TAMS 0x000000008b900000| PB 0x000000008b900000| Untracked 
|   2|0x000000008ba00000, 0x000000008bb00000, 0x000000008bb00000|100%| O|  |TAMS 0x000000008ba00000| PB 0x000000008ba00000| Untracked 
|   3|0x000000008bb00000, 0x000000008bc00000, 0x000000008bc00000|100%| O|  |TAMS 0x000000008bb00000| PB 0x000000008bb00000| Untracked 
|   4|0x000000008bc00000, 0x000000008bd00000, 0x000000008bd00000|100%| O|  |TAMS 0x000000008bc00000| PB 0x000000008bc00000| Untracked 
|   5|0x000000008bd00000, 0x000000008be00000, 0x000000008be00000|100%| O|  |TAMS 0x000000008bd00000| PB 0x000000008bd00000| Untracked 
|   6|0x000000008be00000, 0x000000008bf00000, 0x000000008bf00000|100%| O|  |TAMS 0x000000008be00000| PB 0x000000008be00000| Untracked 
|   7|0x000000008bf00000, 0x000000008c000000, 0x000000008c000000|100%| O|  |TAMS 0x000000008bf00000| PB 0x000000008bf00000| Untracked 
|   8|0x000000008c000000, 0x000000008c100000, 0x000000008c100000|100%| O|  |TAMS 0x000000008c000000| PB 0x000000008c000000| Untracked 
|   9|0x000000008c100000, 0x000000008c200000, 0x000000008c200000|100%| O|  |TAMS 0x000000008c100000| PB 0x000000008c100000| Untracked 
|  10|0x000000008c200000, 0x000000008c300000, 0x000000008c300000|100%| O|  |TAMS 0x000000008c200000| PB 0x000000008c200000| Untracked 
|  11|0x000000008c300000, 0x000000008c400000, 0x000000008c400000|100%| O|  |TAMS 0x000000008c300000| PB 0x000000008c300000| Untracked 
|  12|0x000000008c400000, 0x000000008c500000, 0x000000008c500000|100%| O|  |TAMS 0x000000008c400000| PB 0x000000008c400000| Untracked 
|  13|0x000000008c500000, 0x000000008c600000, 0x000000008c600000|100%| O|  |TAMS 0x000000008c500000| PB 0x000000008c500000| Untracked 
|  14|0x000000008c600000, 0x000000008c700000, 0x000000008c700000|100%| O|  |TAMS 0x000000008c600000| PB 0x000000008c600000| Untracked 
|  15|0x000000008c700000, 0x000000008c800000, 0x000000008c800000|100%| O|  |TAMS 0x000000008c700000| PB 0x000000008c700000| Untracked 
|  16|0x000000008c800000, 0x000000008c900000, 0x000000008c900000|100%| O|  |TAMS 0x000000008c800000| PB 0x000000008c800000| Untracked 
|  17|0x000000008c900000, 0x000000008ca00000, 0x000000008ca00000|100%| O|  |TAMS 0x000000008c900000| PB 0x000000008c900000| Untracked 
|  18|0x000000008ca00000, 0x000000008cb00000, 0x000000008cb00000|100%| O|  |TAMS 0x000000008ca00000| PB 0x000000008ca00000| Untracked 
|  19|0x000000008cb00000, 0x000000008cc00000, 0x000000008cc00000|100%| O|  |TAMS 0x000000008cb00000| PB 0x000000008cb00000| Untracked 
|  20|0x000000008cc00000, 0x000000008cd00000, 0x000000008cd00000|100%| O|  |TAMS 0x000000008cc00000| PB 0x000000008cc00000| Untracked 
|  21|0x000000008cd00000, 0x000000008ce00000, 0x000000008ce00000|100%| O|  |TAMS 0x000000008cd00000| PB 0x000000008cd00000| Untracked 
|  22|0x000000008ce00000, 0x000000008cf00000, 0x000000008cf00000|100%| O|  |TAMS 0x000000008ce00000| PB 0x000000008ce00000| Untracked 
|  23|0x000000008cf00000, 0x000000008d000000, 0x000000008d000000|100%| O|  |TAMS 0x000000008cf00000| PB 0x000000008cf00000| Untracked 
|  24|0x000000008d000000, 0x000000008d100000, 0x000000008d100000|100%| O|  |TAMS 0x000000008d000000| PB 0x000000008d000000| Untracked 
|  25|0x000000008d100000, 0x000000008d200000, 0x000000008d200000|100%| O|  |TAMS 0x000000008d100000| PB 0x000000008d100000| Untracked 
|  26|0x000000008d200000, 0x000000008d300000, 0x000000008d300000|100%| O|  |TAMS 0x000000008d200000| PB 0x000000008d200000| Untracked 
|  27|0x000000008d300000, 0x000000008d400000, 0x000000008d400000|100%| O|  |TAMS 0x000000008d300000| PB 0x000000008d300000| Untracked 
|  28|0x000000008d400000, 0x000000008d500000, 0x000000008d500000|100%| O|  |TAMS 0x000000008d400000| PB 0x000000008d400000| Untracked 
|  29|0x000000008d500000, 0x000000008d600000, 0x000000008d600000|100%| O|  |TAMS 0x000000008d500000| PB 0x000000008d500000| Untracked 
|  30|0x000000008d600000, 0x000000008d700000, 0x000000008d700000|100%| O|  |TAMS 0x000000008d600000| PB 0x000000008d600000| Untracked 
|  31|0x000000008d700000, 0x000000008d800000, 0x000000008d800000|100%| O|Cm|TAMS 0x000000008d700000| PB 0x000000008d700000| Complete 
|  32|0x000000008d800000, 0x000000008d900000, 0x000000008d900000|100%| O|  |TAMS 0x000000008d800000| PB 0x000000008d800000| Untracked 
|  33|0x000000008d900000, 0x000000008da00000, 0x000000008da00000|100%| O|  |TAMS 0x000000008d900000| PB 0x000000008d900000| Untracked 
|  34|0x000000008da00000, 0x000000008db00000, 0x000000008db00000|100%| O|  |TAMS 0x000000008da00000| PB 0x000000008da00000| Untracked 
|  35|0x000000008db00000, 0x000000008dc00000, 0x000000008dc00000|100%| O|  |TAMS 0x000000008db00000| PB 0x000000008db00000| Untracked 
|  36|0x000000008dc00000, 0x000000008dd00000, 0x000000008dd00000|100%| O|  |TAMS 0x000000008dc00000| PB 0x000000008dc00000| Untracked 
|  37|0x000000008dd00000, 0x000000008de00000, 0x000000008de00000|100%| O|Cm|TAMS 0x000000008dd00000| PB 0x000000008dd00000| Complete 
|  38|0x000000008de00000, 0x000000008df00000, 0x000000008df00000|100%| O|  |TAMS 0x000000008de00000| PB 0x000000008de00000| Untracked 
|  39|0x000000008df00000, 0x000000008e000000, 0x000000008e000000|100%| O|  |TAMS 0x000000008df00000| PB 0x000000008df00000| Untracked 
|  40|0x000000008e000000, 0x000000008e100000, 0x000000008e100000|100%| O|  |TAMS 0x000000008e000000| PB 0x000000008e000000| Untracked 
|  41|0x000000008e100000, 0x000000008e200000, 0x000000008e200000|100%| O|  |TAMS 0x000000008e100000| PB 0x000000008e100000| Untracked 
|  42|0x000000008e200000, 0x000000008e300000, 0x000000008e300000|100%| O|  |TAMS 0x000000008e200000| PB 0x000000008e200000| Untracked 
|  43|0x000000008e300000, 0x000000008e400000, 0x000000008e400000|100%| O|  |TAMS 0x000000008e300000| PB 0x000000008e300000| Untracked 
|  44|0x000000008e400000, 0x000000008e500000, 0x000000008e500000|100%| O|  |TAMS 0x000000008e400000| PB 0x000000008e400000| Untracked 
|  45|0x000000008e500000, 0x000000008e500000, 0x000000008e600000|  0%| F|  |TAMS 0x000000008e500000| PB 0x000000008e500000| Untracked 
|  46|0x000000008e600000, 0x000000008e650cd0, 0x000000008e700000| 31%| O|  |TAMS 0x000000008e600000| PB 0x000000008e600000| Untracked 
|  47|0x000000008e700000, 0x000000008e700000, 0x000000008e800000|  0%| F|  |TAMS 0x000000008e700000| PB 0x000000008e700000| Untracked 
|  48|0x000000008e800000, 0x000000008e800000, 0x000000008e900000|  0%| F|  |TAMS 0x000000008e800000| PB 0x000000008e800000| Untracked 
|  49|0x000000008e900000, 0x000000008e900000, 0x000000008ea00000|  0%| F|  |TAMS 0x000000008e900000| PB 0x000000008e900000| Untracked 
|  50|0x000000008ea00000, 0x000000008ea00000, 0x000000008eb00000|  0%| F|  |TAMS 0x000000008ea00000| PB 0x000000008ea00000| Untracked 
|  51|0x000000008eb00000, 0x000000008eb00000, 0x000000008ec00000|  0%| F|  |TAMS 0x000000008eb00000| PB 0x000000008eb00000| Untracked 
|  52|0x000000008ec00000, 0x000000008ec00000, 0x000000008ed00000|  0%| F|  |TAMS 0x000000008ec00000| PB 0x000000008ec00000| Untracked 
|  53|0x000000008ed00000, 0x000000008ed00000, 0x000000008ee00000|  0%| F|  |TAMS 0x000000008ed00000| PB 0x000000008ed00000| Untracked 
|  54|0x000000008ee00000, 0x000000008ee00000, 0x000000008ef00000|  0%| F|  |TAMS 0x000000008ee00000| PB 0x000000008ee00000| Untracked 
|  55|0x000000008ef00000, 0x000000008ef00000, 0x000000008f000000|  0%| F|  |TAMS 0x000000008ef00000| PB 0x000000008ef00000| Untracked 
|  56|0x000000008f000000, 0x000000008f0a3020, 0x000000008f100000| 63%| S|CS|TAMS 0x000000008f000000| PB 0x000000008f000000| Complete 
|  57|0x000000008f100000, 0x000000008f100000, 0x000000008f200000|  0%| F|  |TAMS 0x000000008f100000| PB 0x000000008f100000| Untracked 
|  58|0x000000008f200000, 0x000000008f200000, 0x000000008f300000|  0%| F|  |TAMS 0x000000008f200000| PB 0x000000008f200000| Untracked 
|  59|0x000000008f300000, 0x000000008f300000, 0x000000008f400000|  0%| F|  |TAMS 0x000000008f300000| PB 0x000000008f300000| Untracked 
|  60|0x000000008f400000, 0x000000008f400000, 0x000000008f500000|  0%| F|  |TAMS 0x000000008f400000| PB 0x000000008f400000| Untracked 
|  61|0x000000008f500000, 0x000000008f500000, 0x000000008f600000|  0%| F|  |TAMS 0x000000008f500000| PB 0x000000008f500000| Untracked 
|  62|0x000000008f600000, 0x000000008f600000, 0x000000008f700000|  0%| F|  |TAMS 0x000000008f600000| PB 0x000000008f600000| Untracked 
|  63|0x000000008f700000, 0x000000008f700000, 0x000000008f800000|  0%| F|  |TAMS 0x000000008f700000| PB 0x000000008f700000| Untracked 
|  64|0x000000008f800000, 0x000000008f800000, 0x000000008f900000|  0%| F|  |TAMS 0x000000008f800000| PB 0x000000008f800000| Untracked 
|  65|0x000000008f900000, 0x000000008f900000, 0x000000008fa00000|  0%| F|  |TAMS 0x000000008f900000| PB 0x000000008f900000| Untracked 
|  66|0x000000008fa00000, 0x000000008fa00000, 0x000000008fb00000|  0%| F|  |TAMS 0x000000008fa00000| PB 0x000000008fa00000| Untracked 
|  67|0x000000008fb00000, 0x000000008fb00000, 0x000000008fc00000|  0%| F|  |TAMS 0x000000008fb00000| PB 0x000000008fb00000| Untracked 
|  68|0x000000008fc00000, 0x000000008fc00000, 0x000000008fd00000|  0%| F|  |TAMS 0x000000008fc00000| PB 0x000000008fc00000| Untracked 
|  69|0x000000008fd00000, 0x000000008fd00000, 0x000000008fe00000|  0%| F|  |TAMS 0x000000008fd00000| PB 0x000000008fd00000| Untracked 
|  70|0x000000008fe00000, 0x000000008fe00000, 0x000000008ff00000|  0%| F|  |TAMS 0x000000008fe00000| PB 0x000000008fe00000| Untracked 
|  71|0x000000008ff00000, 0x000000008ff00000, 0x0000000090000000|  0%| F|  |TAMS 0x000000008ff00000| PB 0x000000008ff00000| Untracked 
|  72|0x0000000090000000, 0x0000000090000000, 0x0000000090100000|  0%| F|  |TAMS 0x0000000090000000| PB 0x0000000090000000| Untracked 
|  73|0x0000000090100000, 0x0000000090100000, 0x0000000090200000|  0%| F|  |TAMS 0x0000000090100000| PB 0x0000000090100000| Untracked 
|  74|0x0000000090200000, 0x0000000090200000, 0x0000000090300000|  0%| F|  |TAMS 0x0000000090200000| PB 0x0000000090200000| Untracked 
|  75|0x0000000090300000, 0x0000000090300000, 0x0000000090400000|  0%| F|  |TAMS 0x0000000090300000| PB 0x0000000090300000| Untracked 
|  76|0x0000000090400000, 0x0000000090400000, 0x0000000090500000|  0%| F|  |TAMS 0x0000000090400000| PB 0x0000000090400000| Untracked 
|  77|0x0000000090500000, 0x00000000905e4148, 0x0000000090600000| 89%| E|  |TAMS 0x0000000090500000| PB 0x0000000090500000| Complete 
|  78|0x0000000090600000, 0x0000000090700000, 0x0000000090700000|100%| E|CS|TAMS 0x0000000090600000| PB 0x0000000090600000| Complete 
|  79|0x0000000090700000, 0x0000000090800000, 0x0000000090800000|100%| E|CS|TAMS 0x0000000090700000| PB 0x0000000090700000| Complete 
|  80|0x0000000090800000, 0x0000000090900000, 0x0000000090900000|100%| E|CS|TAMS 0x0000000090800000| PB 0x0000000090800000| Complete 
|  81|0x0000000090900000, 0x0000000090a00000, 0x0000000090a00000|100%| E|CS|TAMS 0x0000000090900000| PB 0x0000000090900000| Complete 
|  82|0x0000000090a00000, 0x0000000090b00000, 0x0000000090b00000|100%| E|  |TAMS 0x0000000090a00000| PB 0x0000000090a00000| Complete 
|  83|0x0000000090b00000, 0x0000000090c00000, 0x0000000090c00000|100%| E|CS|TAMS 0x0000000090b00000| PB 0x0000000090b00000| Complete 
|  84|0x0000000090c00000, 0x0000000090d00000, 0x0000000090d00000|100%| E|CS|TAMS 0x0000000090c00000| PB 0x0000000090c00000| Complete 
|  85|0x0000000090d00000, 0x0000000090e00000, 0x0000000090e00000|100%| E|CS|TAMS 0x0000000090d00000| PB 0x0000000090d00000| Complete 
|  86|0x0000000090e00000, 0x0000000090f00000, 0x0000000090f00000|100%| E|CS|TAMS 0x0000000090e00000| PB 0x0000000090e00000| Complete 
| 103|0x0000000091f00000, 0x0000000092000000, 0x0000000092000000|100%| E|CS|TAMS 0x0000000091f00000| PB 0x0000000091f00000| Complete 
| 104|0x0000000092000000, 0x0000000092100000, 0x0000000092100000|100%| E|CS|TAMS 0x0000000092000000| PB 0x0000000092000000| Complete 
| 105|0x0000000092100000, 0x0000000092200000, 0x0000000092200000|100%| E|CS|TAMS 0x0000000092100000| PB 0x0000000092100000| Complete 
| 106|0x0000000092200000, 0x0000000092300000, 0x0000000092300000|100%| E|CS|TAMS 0x0000000092200000| PB 0x0000000092200000| Complete 
| 107|0x0000000092300000, 0x0000000092400000, 0x0000000092400000|100%| E|CS|TAMS 0x0000000092300000| PB 0x0000000092300000| Complete 
| 117|0x0000000092d00000, 0x0000000092e00000, 0x0000000092e00000|100%| E|CS|TAMS 0x0000000092d00000| PB 0x0000000092d00000| Complete 

Card table byte_map: [0x0000024bd5bd0000,0x0000024bd5f80000] _byte_map_base: 0x0000024bd5774000

Marking Bits: (CMBitMap*) 0x0000024bbbe4b950
 Bits: [0x0000024bd5f80000, 0x0000024bd7ca0000)

Polling page: 0x0000024bbbd50000

Metaspace:

Usage:
  Non-class:     56.28 MB used.
      Class:      8.39 MB used.
       Both:     64.67 MB used.

Virtual space:
  Non-class space:       64.00 MB reserved,      56.75 MB ( 89%) committed,  1 nodes.
      Class space:        1.00 GB reserved,       8.81 MB ( <1%) committed,  1 nodes.
             Both:        1.06 GB reserved,      65.56 MB (  6%) committed. 

Chunk freelists:
   Non-Class:  7.14 MB
       Class:  7.05 MB
        Both:  14.20 MB

MaxMetaspaceSize: unlimited
CompressedClassSpaceSize: 1.00 GB
Initial GC threshold: 21.00 MB
Current GC threshold: 106.88 MB
CDS: on
 - commit_granule_bytes: 65536.
 - commit_granule_words: 8192.
 - virtual_space_node_default_size: 8388608.
 - enlarge_chunks_in_place: 1.
 - use_allocation_guard: 0.


Internal statistics:

num_allocs_failed_limit: 6.
num_arena_births: 1460.
num_arena_deaths: 18.
num_vsnodes_births: 2.
num_vsnodes_deaths: 0.
num_space_committed: 1049.
num_space_uncommitted: 0.
num_chunks_returned_to_freelist: 33.
num_chunks_taken_from_freelist: 3933.
num_chunk_merges: 10.
num_chunk_splits: 2590.
num_chunks_enlarged: 1791.
num_inconsistent_stats: 0.

CodeHeap 'non-profiled nmethods': size=120000Kb used=4668Kb max_used=4668Kb free=115331Kb
 bounds [0x0000024bcd890000, 0x0000024bcdd20000, 0x0000024bd4dc0000]
CodeHeap 'profiled nmethods': size=120000Kb used=18112Kb max_used=18112Kb free=101887Kb
 bounds [0x0000024bc5dc0000, 0x0000024bc6f80000, 0x0000024bcd2f0000]
CodeHeap 'non-nmethods': size=5760Kb used=1548Kb max_used=1594Kb free=4211Kb
 bounds [0x0000024bcd2f0000, 0x0000024bcd560000, 0x0000024bcd890000]
CodeCache: size=245760Kb, used=24328Kb, max_used=24374Kb, free=221429Kb
 total_blobs=10508, nmethods=9804, adapters=605, full_count=0
Compilation: enabled, stopped_count=0, restarted_count=0

Compilation events (20 events):
Event: 965.816 Thread 0x0000024bda790e10 nmethod 11107 0x0000024bcdd1e110 code [0x0000024bcdd1e2a0, 0x0000024bcdd1e3b8]
Event: 965.816 Thread 0x0000024bda790e10 11108       1       org.apache.http.impl.conn.CPoolEntry::isRouteComplete (5 bytes)
Event: 965.816 Thread 0x0000024bda790e10 nmethod 11108 0x0000024bcdd1e410 code [0x0000024bcdd1e5a0, 0x0000024bcdd1e670]
Event: 969.207 Thread 0x0000024bda790e10 11109  s!   3       org.apache.catalina.core.ContainerBase::backgroundProcess (172 bytes)
Event: 969.217 Thread 0x0000024bda790e10 nmethod 11109 0x0000024bc6f6af10 code [0x0000024bc6f6b280, 0x0000024bc6f6cb30]
Event: 969.217 Thread 0x0000024bda790e10 11110       3       org.apache.catalina.mapper.MapperListener::lifecycleEvent (180 bytes)
Event: 969.218 Thread 0x0000024bda790e10 nmethod 11110 0x0000024bc6f6d310 code [0x0000024bc6f6d620, 0x0000024bc6f6eda8]
Event: 981.140 Thread 0x0000024bda784ee0 11111       4       com.netflix.eureka.util.batcher.TrafficShaper::transmissionDelay (124 bytes)
Event: 981.145 Thread 0x0000024bda784ee0 nmethod 11111 0x0000024bcdd1e710 code [0x0000024bcdd1e8a0, 0x0000024bcdd1ea00]
Event: 981.153 Thread 0x0000024bda784ee0 11112       4       com.netflix.eureka.util.batcher.AcceptorExecutor$AcceptorRunner::assignBatchWork (211 bytes)
Event: 981.157 Thread 0x0000024bda790e10 11114       1       org.glassfish.jersey.internal.inject.InjecteeImpl::setInjecteeClass (6 bytes)
Event: 981.157 Thread 0x0000024bda790e10 nmethod 11114 0x0000024bcdd1ea90 code [0x0000024bcdd1ec20, 0x0000024bcdd1ed30]
Event: 981.157 Thread 0x0000024bda790e10 11115       3       org.glassfish.jersey.inject.hk2.ContextInjectionResolverImpl$CacheKey::equals (38 bytes)
Event: 981.158 Thread 0x0000024bda790e10 nmethod 11115 0x0000024bc6f6f190 code [0x0000024bc6f6f360, 0x0000024bc6f6f770]
Event: 981.158 Thread 0x0000024bda790e10 11116       3       org.glassfish.jersey.message.internal.OutboundJaxrsResponse$Builder::header (8 bytes)
Event: 981.158 Thread 0x0000024bda790e10 nmethod 11116 0x0000024bc6f6f890 code [0x0000024bc6f6fa40, 0x0000024bc6f6fb80]
Event: 981.272 Thread 0x0000024bda790e10 11117       1       org.apache.http.pool.PoolEntry::getState (5 bytes)
Event: 982.164 Thread 0x0000024bda790e10 nmethod 11117 0x0000024bcdd1ed90 code [0x0000024bcdd1ef20, 0x0000024bcdd1efe8]
Event: 982.164 Thread 0x0000024bda790e10 11118       3       com.fasterxml.jackson.core.json.UTF8JsonGenerator::_flushBuffer (28 bytes)
Event: 984.164 Thread 0x0000024bda790e10 nmethod 11118 0x0000024bc6f6fc10 code [0x0000024bc6f6fdc0, 0x0000024bc6f6ffe8]

GC Heap History (20 events):
Event: 5.309 GC heap before
{Heap before GC invocations=8 (full 0):
 garbage-first heap   total 73728K, used 51505K [0x000000008b800000, 0x0000000100000000)
  region size 1024K, 31 young (31744K), 2 survivors (2048K)
 Metaspace       used 35621K, committed 36160K, reserved 1114112K
  class space    used 4451K, committed 4672K, reserved 1048576K
}
Event: 5.318 GC heap after
{Heap after GC invocations=9 (full 0):
 garbage-first heap   total 73728K, used 25715K [0x000000008b800000, 0x0000000100000000)
  region size 1024K, 5 young (5120K), 5 survivors (5120K)
 Metaspace       used 35621K, committed 36160K, reserved 1114112K
  class space    used 4451K, committed 4672K, reserved 1048576K
}
Event: 6.070 GC heap before
{Heap before GC invocations=10 (full 0):
 garbage-first heap   total 73728K, used 60531K [0x000000008b800000, 0x0000000100000000)
  region size 1024K, 39 young (39936K), 5 survivors (5120K)
 Metaspace       used 39237K, committed 39872K, reserved 1114112K
  class space    used 4993K, committed 5248K, reserved 1048576K
}
Event: 6.082 GC heap after
{Heap after GC invocations=11 (full 0):
 garbage-first heap   total 73728K, used 27875K [0x000000008b800000, 0x0000000100000000)
  region size 1024K, 3 young (3072K), 3 survivors (3072K)
 Metaspace       used 39237K, committed 39872K, reserved 1114112K
  class space    used 4993K, committed 5248K, reserved 1048576K
}
Event: 6.918 GC heap before
{Heap before GC invocations=11 (full 0):
 garbage-first heap   total 73728K, used 62691K [0x000000008b800000, 0x0000000100000000)
  region size 1024K, 37 young (37888K), 3 survivors (3072K)
 Metaspace       used 43578K, committed 44160K, reserved 1114112K
  class space    used 5615K, committed 5888K, reserved 1048576K
}
Event: 6.930 GC heap after
{Heap after GC invocations=12 (full 0):
 garbage-first heap   total 73728K, used 32363K [0x000000008b800000, 0x0000000100000000)
  region size 1024K, 5 young (5120K), 5 survivors (5120K)
 Metaspace       used 43578K, committed 44160K, reserved 1114112K
  class space    used 5615K, committed 5888K, reserved 1048576K
}
Event: 7.475 GC heap before
{Heap before GC invocations=12 (full 0):
 garbage-first heap   total 73728K, used 62059K [0x000000008b800000, 0x0000000100000000)
  region size 1024K, 34 young (34816K), 5 survivors (5120K)
 Metaspace       used 46990K, committed 47616K, reserved 1114112K
  class space    used 6105K, committed 6400K, reserved 1048576K
}
Event: 7.480 GC heap after
{Heap after GC invocations=13 (full 0):
 garbage-first heap   total 73728K, used 35555K [0x000000008b800000, 0x0000000100000000)
  region size 1024K, 3 young (3072K), 3 survivors (3072K)
 Metaspace       used 46990K, committed 47616K, reserved 1114112K
  class space    used 6105K, committed 6400K, reserved 1048576K
}
Event: 8.451 GC heap before
{Heap before GC invocations=13 (full 0):
 garbage-first heap   total 73728K, used 63203K [0x000000008b800000, 0x0000000100000000)
  region size 1024K, 30 young (30720K), 3 survivors (3072K)
 Metaspace       used 51655K, committed 52416K, reserved 1114112K
  class space    used 6882K, committed 7232K, reserved 1048576K
}
Event: 8.456 GC heap after
{Heap after GC invocations=14 (full 0):
 garbage-first heap   total 73728K, used 38665K [0x000000008b800000, 0x0000000100000000)
  region size 1024K, 3 young (3072K), 3 survivors (3072K)
 Metaspace       used 51655K, committed 52416K, reserved 1114112K
  class space    used 6882K, committed 7232K, reserved 1048576K
}
Event: 9.119 GC heap before
{Heap before GC invocations=14 (full 0):
 garbage-first heap   total 73728K, used 63241K [0x000000008b800000, 0x0000000100000000)
  region size 1024K, 28 young (28672K), 3 survivors (3072K)
 Metaspace       used 56076K, committed 56832K, reserved 1114112K
  class space    used 7447K, committed 7808K, reserved 1048576K
}
Event: 9.124 GC heap after
{Heap after GC invocations=15 (full 0):
 garbage-first heap   total 73728K, used 42727K [0x000000008b800000, 0x0000000100000000)
  region size 1024K, 4 young (4096K), 4 survivors (4096K)
 Metaspace       used 56076K, committed 56832K, reserved 1114112K
  class space    used 7447K, committed 7808K, reserved 1048576K
}
Event: 10.222 GC heap before
{Heap before GC invocations=16 (full 0):
 garbage-first heap   total 73728K, used 64231K [0x000000008b800000, 0x0000000100000000)
  region size 1024K, 26 young (26624K), 4 survivors (4096K)
 Metaspace       used 58203K, committed 59008K, reserved 1114112K
  class space    used 7765K, committed 8128K, reserved 1048576K
}
Event: 10.227 GC heap after
{Heap after GC invocations=17 (full 0):
 garbage-first heap   total 73728K, used 44237K [0x000000008b800000, 0x0000000100000000)
  region size 1024K, 2 young (2048K), 2 survivors (2048K)
 Metaspace       used 58203K, committed 59008K, reserved 1114112K
  class space    used 7765K, committed 8128K, reserved 1048576K
}
Event: 18.698 GC heap before
{Heap before GC invocations=17 (full 0):
 garbage-first heap   total 73728K, used 65741K [0x000000008b800000, 0x0000000100000000)
  region size 1024K, 23 young (23552K), 2 survivors (2048K)
 Metaspace       used 60918K, committed 61824K, reserved 1114112K
  class space    used 8102K, committed 8512K, reserved 1048576K
}
Event: 18.705 GC heap after
{Heap after GC invocations=18 (full 0):
 garbage-first heap   total 73728K, used 44494K [0x000000008b800000, 0x0000000100000000)
  region size 1024K, 3 young (3072K), 3 survivors (3072K)
 Metaspace       used 60918K, committed 61824K, reserved 1114112K
  class space    used 8102K, committed 8512K, reserved 1048576K
}
Event: 150.662 GC heap before
{Heap before GC invocations=18 (full 0):
 garbage-first heap   total 73728K, used 64974K [0x000000008b800000, 0x0000000100000000)
  region size 1024K, 24 young (24576K), 3 survivors (3072K)
 Metaspace       used 64709K, committed 65536K, reserved 1114112K
  class space    used 8579K, committed 8960K, reserved 1048576K
}
Event: 150.985 GC heap after
{Heap after GC invocations=19 (full 0):
 garbage-first heap   total 73728K, used 46432K [0x000000008b800000, 0x0000000100000000)
  region size 1024K, 3 young (3072K), 3 survivors (3072K)
 Metaspace       used 64709K, committed 65536K, reserved 1114112K
  class space    used 8579K, committed 8960K, reserved 1048576K
}
Event: 601.043 GC heap before
{Heap before GC invocations=20 (full 0):
 garbage-first heap   total 78848K, used 65888K [0x000000008b800000, 0x0000000100000000)
  region size 1024K, 23 young (23552K), 3 survivors (3072K)
 Metaspace       used 65592K, committed 66496K, reserved 1114112K
  class space    used 8582K, committed 8960K, reserved 1048576K
}
Event: 601.127 GC heap after
{Heap after GC invocations=21 (full 0):
 garbage-first heap   total 95232K, used 47055K [0x000000008b800000, 0x0000000100000000)
  region size 1024K, 1 young (1024K), 1 survivors (1024K)
 Metaspace       used 65592K, committed 66496K, reserved 1114112K
  class space    used 8582K, committed 8960K, reserved 1048576K
}

Dll operation events (11 events):
Event: 0.017 Loaded shared library C:\Users\User\AppData\Local\Programs\Eclipse Adoptium\jdk-21.0.11.10-hotspot\bin\java.dll
Event: 0.070 Loaded shared library C:\Users\User\AppData\Local\Programs\Eclipse Adoptium\jdk-21.0.11.10-hotspot\bin\jsvml.dll
Event: 0.166 Loaded shared library C:\Users\User\AppData\Local\Programs\Eclipse Adoptium\jdk-21.0.11.10-hotspot\bin\jimage.dll
Event: 0.173 Loaded shared library C:\Users\User\AppData\Local\Programs\Eclipse Adoptium\jdk-21.0.11.10-hotspot\bin\net.dll
Event: 0.175 Loaded shared library C:\Users\User\AppData\Local\Programs\Eclipse Adoptium\jdk-21.0.11.10-hotspot\bin\nio.dll
Event: 0.178 Loaded shared library C:\Users\User\AppData\Local\Programs\Eclipse Adoptium\jdk-21.0.11.10-hotspot\bin\zip.dll
Event: 0.264 Loaded shared library C:\Users\User\AppData\Local\Programs\Eclipse Adoptium\jdk-21.0.11.10-hotspot\bin\management.dll
Event: 0.277 Loaded shared library C:\Users\User\AppData\Local\Programs\Eclipse Adoptium\jdk-21.0.11.10-hotspot\bin\management_ext.dll
Event: 0.625 Loaded shared library C:\Users\User\AppData\Local\Programs\Eclipse Adoptium\jdk-21.0.11.10-hotspot\bin\extnet.dll
Event: 2.726 Loaded shared library C:\Users\User\AppData\Local\Programs\Eclipse Adoptium\jdk-21.0.11.10-hotspot\bin\sunmscapi.dll
Event: 5.157 Loaded shared library C:\Users\User\AppData\Local\Programs\Eclipse Adoptium\jdk-21.0.11.10-hotspot\bin\verify.dll

Deoptimization events (20 events):
Event: 699.303 Thread 0x0000024c21b7a7a0 Uncommon trap: trap_request=0xffffffd6 fr.pc=0x0000024bcdcc3180 relative=0x00000000000012c0
Event: 699.303 Thread 0x0000024c21b7a7a0 Uncommon trap: reason=array_check action=maybe_recompile pc=0x0000024bcdcc3180 method=java.util.concurrent.ScheduledThreadPoolExecutor$DelayedWorkQueue.offer(Ljava/lang/Runnable;)Z @ 65 c2
Event: 699.304 Thread 0x0000024c21b7a7a0 DEOPT PACKING pc=0x0000024bcdcc3180 sp=0x000000d04d0ff620
Event: 699.304 Thread 0x0000024c21b7a7a0 DEOPT UNPACKING pc=0x0000024bcd344422 sp=0x000000d04d0ff460 mode 2
Event: 729.310 Thread 0x0000024c21b7a7a0 Uncommon trap: trap_request=0xffffffd6 fr.pc=0x0000024bcdcc3180 relative=0x00000000000012c0
Event: 729.310 Thread 0x0000024c21b7a7a0 Uncommon trap: reason=array_check action=maybe_recompile pc=0x0000024bcdcc3180 method=java.util.concurrent.ScheduledThreadPoolExecutor$DelayedWorkQueue.offer(Ljava/lang/Runnable;)Z @ 65 c2
Event: 729.310 Thread 0x0000024c21b7a7a0 DEOPT PACKING pc=0x0000024bcdcc3180 sp=0x000000d04d0ff620
Event: 729.311 Thread 0x0000024c21b7a7a0 DEOPT UNPACKING pc=0x0000024bcd344422 sp=0x000000d04d0ff460 mode 2
Event: 789.322 Thread 0x0000024c20fbbb80 Uncommon trap: trap_request=0xffffff45 fr.pc=0x0000024bcdcba4f4 relative=0x00000000000006b4
Event: 789.322 Thread 0x0000024c20fbbb80 Uncommon trap: reason=unstable_if action=reinterpret pc=0x0000024bcdcba4f4 method=java.util.concurrent.ScheduledThreadPoolExecutor$DelayedWorkQueue.siftDown(ILjava/util/concurrent/RunnableScheduledFuture;)V @ 80 c2
Event: 789.322 Thread 0x0000024c20fbbb80 DEOPT PACKING pc=0x0000024bcdcba4f4 sp=0x000000d04c7ff230
Event: 789.322 Thread 0x0000024c20fbbb80 DEOPT UNPACKING pc=0x0000024bcd344422 sp=0x000000d04c7ff180 mode 2
Event: 839.829 Thread 0x0000024c21b7d590 Uncommon trap: trap_request=0xfffffff4 fr.pc=0x0000024bcdced274 relative=0x00000000000000d4
Event: 839.829 Thread 0x0000024c21b7d590 Uncommon trap: reason=null_check action=make_not_entrant pc=0x0000024bcdced274 method=org.glassfish.jersey.message.internal.TracingLogger.getInstance(Lorg/glassfish/jersey/internal/PropertiesDelegate;)Lorg/glassfish/jersey/message/internal/TracingLogger; 
Event: 839.829 Thread 0x0000024c21b7d590 DEOPT PACKING pc=0x0000024bcdced274 sp=0x000000d04dafe1a0
Event: 839.829 Thread 0x0000024c21b7d590 DEOPT UNPACKING pc=0x0000024bcd344422 sp=0x000000d04dafe128 mode 2
Event: 841.300 Thread 0x0000024c21b7b4c0 DEOPT PACKING pc=0x0000024bc6a16b21 sp=0x000000d04d3fe470
Event: 841.300 Thread 0x0000024c21b7b4c0 DEOPT UNPACKING pc=0x0000024bcd344bc2 sp=0x000000d04d3fd980 mode 0
Event: 942.014 Thread 0x0000024c22c2af40 DEOPT PACKING pc=0x0000024bc6d97722 sp=0x000000d04e6ff430
Event: 942.015 Thread 0x0000024c22c2af40 DEOPT UNPACKING pc=0x0000024bcd344bc2 sp=0x000000d04e6fe8f8 mode 0

Classes loaded (20 events):
Event: 19.714 Loading class java/net/DelegatingSocketImpl done
Event: 19.714 Loading class java/net/SocksSocketImpl done
Event: 19.714 Loading class java/net/SocksSocketImpl$3
Event: 19.714 Loading class java/net/SocksSocketImpl$3 done
Event: 19.715 Loading class java/net/ProxySelector
Event: 19.715 Loading class java/net/ProxySelector done
Event: 19.715 Loading class sun/net/spi/DefaultProxySelector
Event: 19.715 Loading class sun/net/spi/DefaultProxySelector done
Event: 19.716 Loading class java/net/Proxy$Type
Event: 19.716 Loading class java/net/Proxy$Type done
Event: 19.716 Loading class sun/net/spi/DefaultProxySelector$1
Event: 19.716 Loading class sun/net/spi/DefaultProxySelector$1 done
Event: 19.716 Loading class sun/net/spi/DefaultProxySelector$NonProxyInfo
Event: 19.716 Loading class sun/net/spi/DefaultProxySelector$NonProxyInfo done
Event: 19.717 Loading class sun/net/spi/DefaultProxySelector$3
Event: 19.717 Loading class sun/net/spi/DefaultProxySelector$3 done
Event: 148.691 Loading class sun/net/ConnectionResetException
Event: 148.725 Loading class sun/net/ConnectionResetException done
Event: 150.430 Loading class jdk/internal/loader/BootLoader$PackageHelper
Event: 150.442 Loading class jdk/internal/loader/BootLoader$PackageHelper done

Classes unloaded (9 events):
Event: 2.388 Thread 0x0000024bda759d30 Unloading class 0x0000024bdc0c4800 'java/lang/invoke/LambdaForm$MH+0x0000024bdc0c4800'
Event: 2.388 Thread 0x0000024bda759d30 Unloading class 0x0000024bdc0c4000 'java/lang/invoke/LambdaForm$MH+0x0000024bdc0c4000'
Event: 2.388 Thread 0x0000024bda759d30 Unloading class 0x0000024bdc0c3c00 'java/lang/invoke/LambdaForm$MH+0x0000024bdc0c3c00'
Event: 2.388 Thread 0x0000024bda759d30 Unloading class 0x0000024bdc0c3400 'java/lang/invoke/LambdaForm$DMH+0x0000024bdc0c3400'
Event: 2.388 Thread 0x0000024bda759d30 Unloading class 0x0000024bdc0c2c00 'jdk/internal/reflect/GeneratedSerializationConstructorAccessor6'
Event: 2.388 Thread 0x0000024bda759d30 Unloading class 0x0000024bdc0c2000 'jdk/internal/reflect/GeneratedSerializationConstructorAccessor3'
Event: 2.388 Thread 0x0000024bda759d30 Unloading class 0x0000024bdc0c1c00 'jdk/internal/reflect/GeneratedSerializationConstructorAccessor1'
Event: 2.388 Thread 0x0000024bda759d30 Unloading class 0x0000024bdc0c1000 'java/lang/invoke/LambdaForm$MH+0x0000024bdc0c1000'
Event: 2.388 Thread 0x0000024bda759d30 Unloading class 0x0000024bdc0c0c00 'java/lang/invoke/LambdaForm$DMH+0x0000024bdc0c0c00'

Classes redefined (0 events):
No events

Internal exceptions (20 events):
Event: 10.401 Thread 0x0000024c209cdfe0 Exception <a 'java/lang/ClassNotFoundException'{0x000000008f5fce08}: org/springframework/context/support/LiveBeansView> (0x000000008f5fce08) 
thrown [s\src\hotspot\share\classfile\systemDictionary.cpp, line 313]
Event: 10.402 Thread 0x0000024c209cdfe0 Exception <a 'java/lang/ClassNotFoundException'{0x000000008f401550}: org/springframework/boot/actuate/endpoint/jmx/EndpointMBean> (0x000000008f401550) 
thrown [s\src\hotspot\share\classfile\systemDictionary.cpp, line 313]
Event: 10.402 Thread 0x0000024c209cdfe0 Exception <a 'java/lang/ClassNotFoundException'{0x000000008f401910}: org/springframework/boot/actuate/endpoint/jmx/DataEndpointMBean> (0x000000008f401910) 
thrown [s\src\hotspot\share\classfile\systemDictionary.cpp, line 313]
Event: 10.402 Thread 0x0000024c209cdfe0 Exception <a 'java/lang/ClassNotFoundException'{0x000000008f401cc8}: org/springframework/context/support/LiveBeansView> (0x000000008f401cc8) 
thrown [s\src\hotspot\share\classfile\systemDictionary.cpp, line 313]
Event: 10.402 Thread 0x0000024c209cdfe0 Exception <a 'java/lang/ClassNotFoundException'{0x000000008f402088}: org/springframework/boot/actuate/endpoint/jmx/EndpointMBean> (0x000000008f402088) 
thrown [s\src\hotspot\share\classfile\systemDictionary.cpp, line 313]
Event: 10.402 Thread 0x0000024c209cdfe0 Exception <a 'java/lang/ClassNotFoundException'{0x000000008f402448}: org/springframework/boot/actuate/endpoint/jmx/DataEndpointMBean> (0x000000008f402448) 
thrown [s\src\hotspot\share\classfile\systemDictionary.cpp, line 313]
Event: 10.402 Thread 0x0000024c209cdfe0 Exception <a 'java/lang/ClassNotFoundException'{0x000000008f402800}: org/springframework/context/support/LiveBeansView> (0x000000008f402800) 
thrown [s\src\hotspot\share\classfile\systemDictionary.cpp, line 313]
Event: 10.411 Thread 0x0000024c209cdfe0 Exception <a 'java/lang/NoSuchMethodError'{0x000000008f4245d0}: 'double java.lang.invoke.DirectMethodHandle$Holder.invokeInterface(java.lang.Object, java.lang.Object)'> (0x000000008f4245d0) 
thrown [s\src\hotspot\share\interpreter\linkResolver.cpp, line 773]
Event: 18.294 Thread 0x0000024c23574b40 Exception <a 'java/lang/NoSuchMethodError'{0x000000008f3ec6e0}: 'java.lang.Object java.lang.invoke.DirectMethodHandle$Holder.invokeStatic(java.lang.Object, java.lang.Object, java.lang.Object, int, int)'> (0x000000008f3ec6e0) 
thrown [s\src\hotspot\share\interpreter\linkResolver.cpp, line 773]
Event: 18.295 Thread 0x0000024c23574b40 Exception <a 'java/lang/NoSuchMethodError'{0x000000008f3f00f0}: 'java.lang.Object java.lang.invoke.DirectMethodHandle$Holder.invokeStaticInit(java.lang.Object, java.lang.Object, java.lang.Object, int, int)'> (0x000000008f3f00f0) 
thrown [s\src\hotspot\share\interpreter\linkResolver.cpp, line 773]
Event: 18.398 Thread 0x0000024c22c2bc60 Exception <a 'java/lang/NoSuchMethodError'{0x000000008f14d0e0}: 'java.lang.Object java.lang.invoke.DirectMethodHandle$Holder.invokeSpecial(java.lang.Object, java.lang.Object, java.lang.Object, java.lang.Object, java.lang.Object, long)'> (0x000000008f14d0e0) 
thrown [s\src\hotspot\share\interpreter\linkResolver.cpp, line 773]
Event: 18.398 Thread 0x0000024c22c2bc60 Exception <a 'java/lang/NoSuchMethodError'{0x000000008f150b10}: 'java.lang.Object java.lang.invoke.Invokers$Holder.linkToTargetMethod(java.lang.Object, java.lang.Object, java.lang.Object, long, java.lang.Object)'> (0x000000008f150b10) 
thrown [s\src\hotspot\share\interpreter\linkResolver.cpp, line 773]
Event: 18.633 Thread 0x0000024c22c2d010 Implicit null exception at 0x0000024bcdb1ddfc to 0x0000024bcdb1deb4
Event: 18.642 Thread 0x0000024c22c2d010 Exception <a 'java/lang/NoSuchMethodError'{0x000000008ed4b6c8}: 'java.lang.Object java.lang.invoke.DirectMethodHandle$Holder.invokeVirtual(java.lang.Object, java.lang.Object, java.lang.Object, java.lang.Object, java.lang.Object, java.lang.Object, java.lang.Object, java.lang.Object)'> (0x000000008ed4b6c8) 
thrown [s\src\hotspot\share\interpreter\linkResolver.cpp, line 773]
Event: 19.734 Thread 0x0000024c21b7bb50 Exception <a 'java/lang/NoSuchMethodError'{0x000000008f2312b0}: 'long java.lang.invoke.DelegatingMethodHandle$Holder.reinvoke_L(java.lang.Object, java.lang.Object)'> (0x000000008f2312b0) 
thrown [s\src\hotspot\share\interpreter\linkResolver.cpp, line 773]
Event: 19.794 Thread 0x0000024c21b7bb50 Exception <a 'java/lang/NoSuchMethodError'{0x000000008f130828}: 'java.lang.Object java.lang.invoke.DelegatingMethodHandle$Holder.reinvoke_L(java.lang.Object, int, java.lang.Object)'> (0x000000008f130828) 
thrown [s\src\hotspot\share\interpreter\linkResolver.cpp, line 773]
Event: 148.689 Thread 0x0000024c23575860 Exception <a 'java/io/IOException'{0x000000008ebb1af8}> (0x000000008ebb1af8) 
thrown [s\src\hotspot\share\prims\jni.cpp, line 520]
Event: 209.168 Thread 0x0000024c235723e0 Exception <a 'sun/net/ConnectionResetException'{0x00000000922ff340}: Connection reset> (0x00000000922ff340) 
thrown [s\src\hotspot\share\prims\jni.cpp, line 539]
Event: 209.168 Thread 0x0000024c23573790 Exception <a 'sun/net/ConnectionResetException'{0x00000000922e1d60}: Connection reset> (0x00000000922e1d60) 
thrown [s\src\hotspot\share\prims\jni.cpp, line 539]
Event: 839.829 Thread 0x0000024c21b7d590 Implicit null exception at 0x0000024bcdced1e0 to 0x0000024bcdced269

ZGC Phase Switch (0 events):
No events

VM Operations (20 events):
Event: 931.943 Executing safepoint VM operation: Cleanup
Event: 931.943 Executing safepoint VM operation: Cleanup done
Event: 935.945 Executing safepoint VM operation: Cleanup
Event: 935.945 Executing safepoint VM operation: Cleanup done
Event: 950.953 Executing safepoint VM operation: Cleanup
Event: 950.953 Executing safepoint VM operation: Cleanup done
Event: 951.953 Executing safepoint VM operation: Cleanup
Event: 951.953 Executing safepoint VM operation: Cleanup done
Event: 959.957 Executing safepoint VM operation: Cleanup
Event: 959.957 Executing safepoint VM operation: Cleanup done
Event: 961.958 Executing safepoint VM operation: Cleanup
Event: 961.958 Executing safepoint VM operation: Cleanup done
Event: 962.077 Executing non-safepoint VM operation: HandshakeAllThreads (HandshakeForDeflation)
Event: 962.077 Executing non-safepoint VM operation: HandshakeAllThreads (HandshakeForDeflation) done
Event: 962.077 Executing non-safepoint VM operation: RendezvousGCThreads
Event: 962.077 Executing non-safepoint VM operation: RendezvousGCThreads done
Event: 966.078 Executing safepoint VM operation: Cleanup
Event: 966.079 Executing safepoint VM operation: Cleanup done
Event: 982.085 Executing safepoint VM operation: Cleanup
Event: 982.163 Executing safepoint VM operation: Cleanup done

Memory protections (0 events):
No events

Nmethod flushes (20 events):
Event: 152.074 Thread 0x0000024bda759d30 flushing  nmethod 0x0000024bc62d8d90
Event: 152.074 Thread 0x0000024bda759d30 flushing  nmethod 0x0000024bc6349a90
Event: 152.078 Thread 0x0000024bda759d30 flushing  nmethod 0x0000024bc6384e90
Event: 152.078 Thread 0x0000024bda759d30 flushing  nmethod 0x0000024bc63b4b10
Event: 152.079 Thread 0x0000024bda759d30 flushing  nmethod 0x0000024bc63b6690
Event: 152.079 Thread 0x0000024bda759d30 flushing  nmethod 0x0000024bc63df410
Event: 152.079 Thread 0x0000024bda759d30 flushing  nmethod 0x0000024bc63e0390
Event: 152.079 Thread 0x0000024bda759d30 flushing  nmethod 0x0000024bc63e0c10
Event: 152.079 Thread 0x0000024bda759d30 flushing  nmethod 0x0000024bc63e1c90
Event: 152.079 Thread 0x0000024bda759d30 flushing  nmethod 0x0000024bc63e2890
Event: 152.079 Thread 0x0000024bda759d30 flushing  nmethod 0x0000024bc64e3a90
Event: 152.080 Thread 0x0000024bda759d30 flushing  nmethod 0x0000024bc6526690
Event: 152.080 Thread 0x0000024bda759d30 flushing  nmethod 0x0000024bc655b190
Event: 152.081 Thread 0x0000024bda759d30 flushing  nmethod 0x0000024bc67cf510
Event: 152.081 Thread 0x0000024bda759d30 flushing  nmethod 0x0000024bc6970010
Event: 152.082 Thread 0x0000024bda759d30 flushing  nmethod 0x0000024bc6971290
Event: 152.082 Thread 0x0000024bda759d30 flushing  nmethod 0x0000024bc6971e10
Event: 152.082 Thread 0x0000024bda759d30 flushing  nmethod 0x0000024bc6972390
Event: 152.082 Thread 0x0000024bda759d30 flushing  nmethod 0x0000024bc69fc990
Event: 152.082 Thread 0x0000024bda759d30 flushing osr nmethod 0x0000024bc69fec90

Events (20 events):
Event: 9.128 Thread 0x0000024bbbc59970 Thread added: 0x0000024c22c27ac0
Event: 9.129 Thread 0x0000024bbbc59970 Thread added: 0x0000024c22c2b5d0
Event: 9.134 Thread 0x0000024bbbc59970 Thread added: 0x0000024c22c28150
Event: 9.289 Thread 0x0000024bbbc59970 Thread added: 0x0000024c22c2c980
Event: 9.298 Thread 0x0000024bbbc59970 Thread added: 0x0000024c22c2bc60
Event: 9.298 Thread 0x0000024bbbc59970 Thread added: 0x0000024c22c2d010
Event: 9.298 Thread 0x0000024bbbc59970 Thread added: 0x0000024c22c2d6a0
Event: 9.299 Thread 0x0000024bbbc59970 Thread added: 0x0000024c22c2c2f0
Event: 9.299 Thread 0x0000024bbbc59970 Thread added: 0x0000024c235751d0
Event: 9.299 Thread 0x0000024bbbc59970 Thread added: 0x0000024c23573e20
Event: 9.299 Thread 0x0000024bbbc59970 Thread added: 0x0000024c235744b0
Event: 9.299 Thread 0x0000024bbbc59970 Thread added: 0x0000024c23575860
Event: 9.299 Thread 0x0000024bbbc59970 Thread added: 0x0000024c23573790
Event: 9.299 Thread 0x0000024bbbc59970 Thread added: 0x0000024c235723e0
Event: 9.314 Thread 0x0000024c22c2c980 Thread exited: 0x0000024c22c2c980
Event: 9.319 Thread 0x0000024bbbc59970 Thread added: 0x0000024c23572a70
Event: 9.321 Thread 0x0000024bbbc59970 Thread added: 0x0000024c23574b40
Event: 9.359 Thread 0x0000024bbbc59970 Thread exited: 0x0000024bbbc59970
Event: 9.359 Thread 0x0000024c23575ef0 Thread added: 0x0000024c23575ef0
Event: 69.346 Thread 0x0000024c20fbc8a0 Thread exited: 0x0000024c20fbc8a0


Dynamic libraries:
0x00007ff6c8a50000 - 0x00007ff6c8a5e000 	C:\Users\User\AppData\Local\Programs\Eclipse Adoptium\jdk-21.0.11.10-hotspot\bin\java.exe
0x00007ff8c7940000 - 0x00007ff8c7ba6000 	C:\Windows\SYSTEM32\ntdll.dll
0x00007ff8c5e00000 - 0x00007ff8c5ec9000 	C:\Windows\System32\KERNEL32.DLL
0x00007ff8c4d70000 - 0x00007ff8c516f000 	C:\Windows\System32\KERNELBASE.dll
0x00007ff8c4c10000 - 0x00007ff8c4d5c000 	C:\Windows\System32\ucrtbase.dll
0x00007ff8a5170000 - 0x00007ff8a518e000 	C:\Users\User\AppData\Local\Programs\Eclipse Adoptium\jdk-21.0.11.10-hotspot\bin\VCRUNTIME140.dll
0x00007ff8a5190000 - 0x00007ff8a51a8000 	C:\Users\User\AppData\Local\Programs\Eclipse Adoptium\jdk-21.0.11.10-hotspot\bin\jli.dll
0x00007ff8c56f0000 - 0x00007ff8c58b6000 	C:\Windows\System32\USER32.dll
0x00007ff8aff90000 - 0x00007ff8b0221000 	C:\Windows\WinSxS\amd64_microsoft.windows.common-controls_6595b64144ccf1df_6.0.26100.8972_none_3e0da176e32f9d4b\COMCTL32.dll
0x00007ff8c4b50000 - 0x00007ff8c4b77000 	C:\Windows\System32\win32u.dll
0x00007ff8c59c0000 - 0x00007ff8c5a69000 	C:\Windows\System32\msvcrt.dll
0x00007ff8c6440000 - 0x00007ff8c646b000 	C:\Windows\System32\GDI32.dll
0x00007ff8c5540000 - 0x00007ff8c5669000 	C:\Windows\System32\gdi32full.dll
0x00007ff8c5240000 - 0x00007ff8c52e3000 	C:\Windows\System32\msvcp_win.dll
0x00007ff8c7240000 - 0x00007ff8c7272000 	C:\Windows\System32\IMM32.DLL
0x00007ff8a80b0000 - 0x00007ff8a80bc000 	C:\Users\User\AppData\Local\Programs\Eclipse Adoptium\jdk-21.0.11.10-hotspot\bin\vcruntime140_1.dll
0x00007ff8a1d40000 - 0x00007ff8a1dcd000 	C:\Users\User\AppData\Local\Programs\Eclipse Adoptium\jdk-21.0.11.10-hotspot\bin\msvcp140.dll
0x00007ff8a0f90000 - 0x00007ff8a1d32000 	C:\Users\User\AppData\Local\Programs\Eclipse Adoptium\jdk-21.0.11.10-hotspot\bin\server\jvm.dll
0x00007ff8c6470000 - 0x00007ff8c652c000 	C:\Windows\System32\ADVAPI32.dll
0x00007ff8c5ed0000 - 0x00007ff8c5f7a000 	C:\Windows\System32\sechost.dll
0x00007ff8c6540000 - 0x00007ff8c6658000 	C:\Windows\System32\RPCRT4.dll
0x00007ff8c7870000 - 0x00007ff8c78f2000 	C:\Windows\System32\WS2_32.dll
0x00007ff8b6670000 - 0x00007ff8b667b000 	C:\Windows\SYSTEM32\VERSION.dll
0x00007ff8c49b0000 - 0x00007ff8c4a0e000 	C:\Windows\SYSTEM32\POWRPROF.dll
0x00007ff8bb210000 - 0x00007ff8bb246000 	C:\Windows\SYSTEM32\WINMM.dll
0x00007ff8c4990000 - 0x00007ff8c49a5000 	C:\Windows\SYSTEM32\UMPDC.dll
0x00007ff8c3800000 - 0x00007ff8c381b000 	C:\Windows\SYSTEM32\kernel.appcore.dll
0x00007ff8a5070000 - 0x00007ff8a507a000 	C:\Users\User\AppData\Local\Programs\Eclipse Adoptium\jdk-21.0.11.10-hotspot\bin\jimage.dll
0x00007ff8b7150000 - 0x00007ff8b7392000 	C:\Windows\SYSTEM32\DBGHELP.DLL
0x00007ff8c5a70000 - 0x00007ff8c5df5000 	C:\Windows\System32\combase.dll
0x00007ff8c6660000 - 0x00007ff8c6739000 	C:\Windows\System32\OLEAUT32.dll
0x00007ff8ae980000 - 0x00007ff8ae9bb000 	C:\Windows\SYSTEM32\dbgcore.DLL
0x00007ff8c5480000 - 0x00007ff8c552c000 	C:\Windows\System32\bcryptPrimitives.dll
0x00007ff8a5150000 - 0x00007ff8a5170000 	C:\Users\User\AppData\Local\Programs\Eclipse Adoptium\jdk-21.0.11.10-hotspot\bin\java.dll
0x00007ff8c68c0000 - 0x00007ff8c7048000 	C:\Windows\System32\SHELL32.dll
0x00007ff8c25c0000 - 0x00007ff8c2e5b000 	C:\Windows\SYSTEM32\windows.storage.dll
0x00007ff8c7070000 - 0x00007ff8c7169000 	C:\Windows\System32\SHCORE.dll
0x00007ff8c5670000 - 0x00007ff8c56d6000 	C:\Windows\System32\shlwapi.dll
0x00007ff8c4a70000 - 0x00007ff8c4a99000 	C:\Windows\SYSTEM32\profapi.dll
0x00007ff8a3ae0000 - 0x00007ff8a3bb7000 	C:\Users\User\AppData\Local\Programs\Eclipse Adoptium\jdk-21.0.11.10-hotspot\bin\jsvml.dll
0x00007ff8a82f0000 - 0x00007ff8a8300000 	C:\Users\User\AppData\Local\Programs\Eclipse Adoptium\jdk-21.0.11.10-hotspot\bin\net.dll
0x00007ff8bb4c0000 - 0x00007ff8bb5e8000 	C:\Windows\SYSTEM32\WINHTTP.dll
0x00007ff8c3d90000 - 0x00007ff8c3dfc000 	C:\Windows\system32\mswsock.dll
0x00007ff8a50c0000 - 0x00007ff8a50d6000 	C:\Users\User\AppData\Local\Programs\Eclipse Adoptium\jdk-21.0.11.10-hotspot\bin\nio.dll
0x00007ff8a50a0000 - 0x00007ff8a50b8000 	C:\Users\User\AppData\Local\Programs\Eclipse Adoptium\jdk-21.0.11.10-hotspot\bin\zip.dll
0x00007ff8a5090000 - 0x00007ff8a509a000 	C:\Users\User\AppData\Local\Programs\Eclipse Adoptium\jdk-21.0.11.10-hotspot\bin\management.dll
0x00007ff8a5080000 - 0x00007ff8a508c000 	C:\Users\User\AppData\Local\Programs\Eclipse Adoptium\jdk-21.0.11.10-hotspot\bin\management_ext.dll
0x00007ff8c7170000 - 0x00007ff8c7178000 	C:\Windows\System32\PSAPI.DLL
0x00007ff8ad1c0000 - 0x00007ff8ad1d8000 	C:\Windows\system32\napinsp.dll
0x00007ff8c31d0000 - 0x00007ff8c3328000 	C:\Windows\SYSTEM32\DNSAPI.dll
0x00007ff8c3bb0000 - 0x00007ff8c3bbd000 	C:\Windows\SYSTEM32\DSPARSE.dll
0x00007ff8c3190000 - 0x00007ff8c31c3000 	C:\Windows\SYSTEM32\IPHLPAPI.DLL
0x00007ff8c6740000 - 0x00007ff8c674a000 	C:\Windows\System32\NSI.dll
0x00007ff8aa910000 - 0x00007ff8aa923000 	C:\Windows\System32\winrnr.dll
0x00007ff8b4cc0000 - 0x00007ff8b4ce2000 	C:\Windows\system32\nlansp_c.dll
0x00007ff898e40000 - 0x00007ff898e56000 	C:\Windows\system32\wshbth.dll
0x00007ff8ba570000 - 0x00007ff8ba57b000 	C:\Windows\System32\rasadhlp.dll
0x00007ff8bebc0000 - 0x00007ff8bec46000 	C:\Windows\System32\fwpuclnt.dll
0x00007ff8c41b0000 - 0x00007ff8c41cb000 	C:\Windows\SYSTEM32\CRYPTSP.dll
0x00007ff8c3760000 - 0x00007ff8c3799000 	C:\Windows\system32\rsaenh.dll
0x00007ff8c3e40000 - 0x00007ff8c3e72000 	C:\Windows\SYSTEM32\USERENV.dll
0x00007ff8c4a40000 - 0x00007ff8c4a6a000 	C:\Windows\SYSTEM32\bcrypt.dll
0x00007ff8c3ff0000 - 0x00007ff8c3ffc000 	C:\Windows\SYSTEM32\CRYPTBASE.dll
0x00007ff8a5800000 - 0x00007ff8a5809000 	C:\Users\User\AppData\Local\Programs\Eclipse Adoptium\jdk-21.0.11.10-hotspot\bin\extnet.dll
0x00007ff8a4230000 - 0x00007ff8a423e000 	C:\Users\User\AppData\Local\Programs\Eclipse Adoptium\jdk-21.0.11.10-hotspot\bin\sunmscapi.dll
0x00007ff8c52f0000 - 0x00007ff8c546e000 	C:\Windows\System32\CRYPT32.dll
0x00007ff8c4320000 - 0x00007ff8c4350000 	C:\Windows\SYSTEM32\ncrypt.dll
0x00007ff8c42d0000 - 0x00007ff8c430f000 	C:\Windows\SYSTEM32\NTASN1.dll
0x00007ff8bf720000 - 0x00007ff8bf730000 	C:\Users\User\AppData\Local\Programs\Eclipse Adoptium\jdk-21.0.11.10-hotspot\bin\verify.dll
0x00007ff89ced0000 - 0x00007ff89ced8000 	C:\Windows\system32\wshunix.dll

JVMTI agents: none

dbghelp: loaded successfully - version: 4.0.5 - missing functions: none
symbol engine: initialized successfully - sym options: 0x614 - pdb path: .;C:\Users\User\AppData\Local\Programs\Eclipse Adoptium\jdk-21.0.11.10-hotspot\bin;C:\Windows\SYSTEM32;C:\Windows\WinSxS\amd64_microsoft.windows.common-controls_6595b64144ccf1df_6.0.26100.8972_none_3e0da176e32f9d4b;C:\Users\User\AppData\Local\Programs\Eclipse Adoptium\jdk-21.0.11.10-hotspot\bin\server

VM Arguments:
jvm_args: -Dcom.sun.management.jmxremote -Dcom.sun.management.jmxremote.port=4334 -Dcom.sun.management.jmxremote.authenticate=false -Dcom.sun.management.jmxremote.ssl=false -Dspring.jmx.enabled=true -Djava.rmi.server.hostname=localhost -Dspring.application.admin.enabled=true -Dspring.boot.project.name=discovery-service -XX:+ShowCodeDetailsInExceptionMessages -Dmanagement.endpoints.jmx.exposure.include=* 
java_command: com.dgnv.discovery_service.DiscoveryServiceApplication
java_class_path (initial): C:\Users\User\Desktop\DGNV-PROJECT\dgnv-government-platform\discovery-service\discovery-service\target\classes;C:\Users\User\.m2\repository\org\springframework\boot\spring-boot-starter-actuator\3.5.3\spring-boot-starter-actuator-3.5.3.jar;C:\Users\User\.m2\repository\org\springframework\boot\spring-boot-starter\3.5.3\spring-boot-starter-3.5.3.jar;C:\Users\User\.m2\repository\org\springframework\boot\spring-boot\3.5.3\spring-boot-3.5.3.jar;C:\Users\User\.m2\repository\org\springframework\boot\spring-boot-autoconfigure\3.5.3\spring-boot-autoconfigure-3.5.3.jar;C:\Users\User\.m2\repository\org\springframework\boot\spring-boot-starter-logging\3.5.3\spring-boot-starter-logging-3.5.3.jar;C:\Users\User\.m2\repository\ch\qos\logback\logback-classic\1.5.18\logback-classic-1.5.18.jar;C:\Users\User\.m2\repository\ch\qos\logback\logback-core\1.5.18\logback-core-1.5.18.jar;C:\Users\User\.m2\repository\org\apache\logging\log4j\log4j-to-slf4j\2.24.3\log4j-to-slf4j-2.24.3.jar;C:\Users\User\.m2\repository\org\apache\logging\log4j\log4j-api\2.24.3\log4j-api-2.24.3.jar;C:\Users\User\.m2\repository\org\slf4j\jul-to-slf4j\2.0.17\jul-to-slf4j-2.0.17.jar;C:\Users\User\.m2\repository\jakarta\annotation\jakarta.annotation-api\2.1.1\jakarta.annotation-api-2.1.1.jar;C:\Users\User\.m2\repository\org\yaml\snakeyaml\2.4\snakeyaml-2.4.jar;C:\Users\User\.m2\repository\org\springframework\boot\spring-boot-actuator-autoconfigure\3.5.3\spring-boot-actuator-autoconfigure-3.5.3.jar;C:\Users\User\.m2\repository\org\springframework\boot\spring-boot-actuator\3.5.3\spring-boot-actuator-3.5.3.jar;C:\Users\User\.m2\repository\com\fasterxml\jackson\core\jackson-databind\2.19.1\jackson-databind-2.19.1.jar;C:\Users\User\.m2\repository\com\fasterxml\jackson\core\jackson-annotations\2.19.1\jackson-annotations-2.19.1.jar;C:\Users\User\.m2\repository\com\fasterxml\jackson\core\jackson-core\2.19.1\jackson-core-2.19.1.jar;C:\Users\User\.m2\repository\com\fasterxml\jackson\datatype\jackson-datatype-jsr310\2.19.1\jackson-datatype-jsr310-2.19.1.jar;C:\Users\User\.m2\repository\io\micrometer\micrometer-observation\1.15.1\micrometer-observation-1.15.1.jar;C:\Users\User\.m2\repository\io\micrometer\micrometer-commons\1.15.1\micrometer-commons-1.15.1.jar;C:\Users\User\.m2\repository\io\micrometer\micrometer-jakarta9\1.15.1\micrometer-jakarta9-1.15.1.jar;C:\Users\User\.m2\repository\io\micrometer\micrometer-core\1.15.1\micrometer-core-1.15.1.jar;C:\Users\User\.m2\repository\org\hdrhistogram\HdrHistogram\2.2.2\HdrHistogram-2.2.2.jar;C:\Users\User\.m2\repository\org\latencyutils\LatencyUtils\2.0.3\LatencyUtils-2.0.3.jar;C:\Users\User\.m2\repository\org\springframework\boot\spring-boot-starter-web\3.5.3\spring-boot-starter-web-3.5.3.jar;C:\Users\User\.m2\repository\org\springframework\boot\spring-boot-starter-json\3.5.3\spring-boot-starter-json-3.5.3.jar;C:\Users\User\.m2\repository\com\fasterxml\jackson\datatype\jackson-datatype-jdk8\2.19.1\jackson-datatype-jdk8-2.19.1.jar;C:\Users\User\.m2\repository\com\fasterxml\jackson\module\jackson-module-parameter-names\2.19.1\jackson-module-parameter-names-2.19.1.jar;C:\Users\User\.m2\repository\org\springframework\boot\spring-boot-starter-tomcat\3.5.3\spring-boot-starter-tomcat-3.5.3.jar;C:\Users\User\.m2\repository\org\apache\tomcat\embed\tomcat-embed-core\10.1.42\tomcat-embed-core-10.1.42.jar;C:\Users\User\.m2\repository\org\apache\tomcat\embed\tomcat-embed-el\10.1.42\tomcat-embed-el-10.1.42.jar;C:\Users\User\.m2\repository\org\apache\tomcat\embed\tomcat-embed-websocket\10.1.42\tomcat-embed-websocket-10.1.42.jar;C:\Users\User\.m2\repository\org\springframework\spring-web\6.2.8\spring-web-6.2.8.jar;C:\Users\User\.m2\repository\org\springframework\spring-beans\6.2.8\spring-beans-6.2.8.jar;C:\Users\User\.m2\repository\org\springframework\spring-webmvc\6.2.8\spring-webmvc-6.2.8.jar;C:\Users\User\.m2\repository\org\springframework\spring-aop\6.2.8\spring-aop-6.2.8.jar;C:\Users\User\.m2\repository\org\springframework\spring-context\6.2.8\spring-context-6.2.8.jar;C:\Users\User\.m2\repository\org\springframework\spring-expression\6.2.8\spring-expression-6.2.8.jar;C:\Users\User\.m2\repository\org\springframework\cloud\spring-cloud-starter-netflix-eureka-server\4.3.0\spring-cloud-starter-netflix-eureka-server-4.3.0.jar;C:\Users\User\.m2\repository\org\springframework\cloud\spring-cloud-starter\4.3.0\spring-cloud-starter-4.3.0.jar;C:\Users\User\.m2\repository\org\springframework\cloud\spring-cloud-context\4.3.0\spring-cloud-context-4.3.0.jar;C:\Users\User\.m2\repository\org\springframework\security\spring-security-crypto\6.5.1\spring-security-crypto-6.5.1.jar;C:\Users\User\.m2\repository\org\springframework\cloud\spring-cloud-commons\4.3.0\spring-cloud-commons-4.3.0.jar;C:\Users\User\.m2\repository\org\bouncycastle\bcprov-jdk18on\1.80\bcprov-jdk18on-1.80.jar;C:\Users\User\.m2\repository\org\springframework\cloud\spring-cloud-netflix-eureka-server\4.3.0\spring-cloud-netflix-eureka-server-4.3.0.jar;C:\Users\User\.m2\repository\org\springframework\boot\spring-boot-starter-freemarker\3.5.3\spring-boot-starter-freemarker-3.5.3.jar;C:\Users\User\.m2\repository\org\freemarker\freemarker\2.3.34\freemarker-2.3.34.jar;C:\Users\User\.m2\repository\org\springframework\spring-context-support\6.2.8\spring-context-support-6.2.8.jar;C:\Users\User\.m2\repository\org\springframework\cloud\spring-cloud-netflix-eureka-client\4.3.0\spring-cloud-netflix-eureka-client-4.3.0.jar;C:\Users\User\.m2\repository\com\netflix\eureka\eureka-client\2.0.4\eureka-client-2.0.4.jar;C:\Users\User\.m2\repository\com\thoughtworks\xstream\xstream\1.4.20\xstream-1.4.20.jar;C:\Users\User\.m2\repository\io\github\x-stream\mxparser\1.2.2\mxparser-1.2.2.jar;C:\Users\User\.m2\repository\xmlpull\xmlpull\1.1.3.1\xmlpull-1.1.3.1.jar;C:\Users\User\.m2\repository\com\netflix\spectator\spectator-api\1.7.3\spectator-api-1.7.3.jar;C:\Users\User\.m2\repository\org\apache\httpcomponents\httpclient\4.5.3\httpclient-4.5.3.jar;C:\Users\User\.m2\repository\org\apache\httpcomponents\httpcore\4.4.16\httpcore-4.4.16.jar;C:\Users\User\.m2\repository\commons-configuration\commons-configuration\1.10\commons-configuration-1.10.jar;C:\Users\User\.m2\repository\commons-lang\commons-lang\2.6\commons-lang-2.6.jar;C:\Users\User\.m2\repository\com\netflix\netflix-commons\netflix-eventbus\0.3.0\netflix-eventbus-0.3.0.jar;C:\Users\User\.m2\repository\com\netflix\netflix-commons\netflix-infix\0.3.0\netflix-infix-0.3.0.jar;C:\Users\User\.m2\repository\commons-jxpath\commons-jxpath\1.3\commons-jxpath-1.3.jar;C:\Users\User\.m2\repository\joda-time\joda-time\2.3\joda-time-2.3.jar;C:\Users\User\.m2\repository\org\antlr\antlr-runtime\3.4\antlr-runtime-3.4.jar;C:\Users\User\.m2\repository\org\antlr\stringtemplate\3.2.1\stringtemplate-3.2.1.jar;C:\Users\User\.m2\repository\antlr\antlr\2.7.7\antlr-2.7.7.jar;C:\Users\User\.m2\repository\com\google\code\gson\gson\2.13.1\gson-2.13.1.jar;C:\Users\User\.m2\repository\com\netflix\servo\servo-core\0.5.3\servo-core-0.5.3.jar;C:\Users\User\.m2\repository\org\apache\commons\commons-math\2.2\commons-math-2.2.jar;C:\Users\User\.m2\repository\javax\annotation\javax.annotation-api\1.2\javax.annotation-api-1.2.jar;C:\Users\User\.m2\repository\org\codehaus\jettison\jettison\1.5.4\jettison-1.5.4.jar;C:\Users\User\.m2\repository\org\apache\httpcomponents\client5\httpclient5\5.5\httpclient5-5.5.jar;C:\Users\User\.m2\repository\org\apache\httpcomponents\core5\httpcore5\5.3.4\httpcore5-5.3.4.jar;C:\Users\User\.m2\repository\org\apache\httpcomponents\core5\httpcore5-h2\5.3.4\httpcore5-h2-5.3.4.jar;C:\Users\User\.m2\repository\com\netflix\eureka\eureka-client-jersey3\2.0.4\eureka-client-jersey3-2.0.4.jar;C:\Users\User\.m2\repository\org\glassfish\jersey\connectors\jersey-apache-connector\3.1.10\jersey-apache-connector-3.1.10.jar;C:\Users\User\.m2\repository\commons-codec\commons-codec\1.18.0\commons-codec-1.18.0.jar;C:\Users\User\.m2\repository\com\netflix\eureka\eureka-core-jersey3\2.0.4\eureka-core-jersey3-2.0.4.jar;C:\Users\User\.m2\repository\com\netflix\eureka\eureka-core\2.0.4\eureka-core-2.0.4.jar;C:\Users\User\.m2\repository\com\google\guava\guava\33.0.0-jre\guava-33.0.0-jre.jar;C:\Users\User\.m2\repository\com\google\guava\failureaccess\1.0.2\failureaccess-1.0.2.jar;C:\Users\User\.m2\repository\com\google\guava\listenablefuture\9999.0-empty-to-avoid-conflict-with-guava\listenablefuture-9999.0-empty-to-avoid-conflict-with-guava.jar;C:\Users\User\.m2\repository\org\checkerframework\checker-qual\3.41.0\checker-qual-3.41.0.jar;C:\Users\User\.m2\repository\com\google\errorprone\error_prone_annotations\2.23.0\error_prone_annotations-2.23.0.jar;C:\Users\User\.m2\repository\com\google\j2objc\j2objc-annotations\2.8\j2objc-annotations-2.8.jar;C:\Users\User\.m2\repository\org\glassfish\jersey\containers\jersey-container-servlet\3.1.10\jersey-container-servlet-3.1.10.jar;C:\Users\User\.m2\repository\org\glassfish\jersey\containers\jersey-container-servlet-core\3.1.10\jersey-container-servlet-core-3.1.10.jar;C:\Users\User\.m2\repository\org\glassfish\jersey\core\jersey-common\3.1.10\jersey-common-3.1.10.jar;C:\Users\User\.m2\repository\org\glassfish\hk2\osgi-resource-locator\1.0.3\osgi-resource-locator-1.0.3.jar;C:\Users\User\.m2\repository\jakarta\ws\rs\jakarta.ws.rs-api\3.1.0\jakarta.ws.rs-api-3.1.0.jar;C:\Users\User\.m2\repository\org\glassfish\jersey\core\jersey-server\3.1.10\jersey-server-3.1.10.jar;C:\Users\User\.m2\repository\jakarta\inject\jakarta.inject-api\2.0.1\jakarta.inject-api-2.0.1.jar;C:\Users\User\.m2\repository\jakarta\validation\jakarta.validation-api\3.0.2\jakarta.validation-api-3.0.2.jar;C:\Users\User\.m2\repository\org\glassfish\jersey\core\jersey-client\3.1.10\jersey-client-3.1.10.jar;C:\Users\User\.m2\repository\org\glassfish\jersey\inject\jersey-hk2\3.1.10\jersey-hk2-3.1.10.jar;C:\Users\User\.m2\repository\org\glassfish\hk2\hk2-locator\3.0.6\hk2-locator-3.0.6.jar;C:\Users\User\.m2\repository\org\glassfish\hk2\hk2-utils\3.0.6\hk2-utils-3.0.6.jar;C:\Users\User\.m2\repository\org\javassist\javassist\3.30.2-GA\javassist-3.30.2-GA.jar;C:\Users\User\.m2\repository\org\glassfish\hk2\spring-bridge\3.1.1\spring-bridge-3.1.1.jar;C:\Users\User\.m2\repository\org\glassfish\hk2\hk2-api\3.1.1\hk2-api-3.1.1.jar;C:\Users\User\.m2\repository\com\fasterxml\jackson\dataformat\jackson-dataformat-xml\2.19.1\jackson-dataformat-xml-2.19.1.jar;C:\Users\User\.m2\repository\org\codehaus\woodstox\stax2-api\4.2.2\stax2-api-4.2.2.jar;C:\Users\User\.m2\repository\com\fasterxml\woodstox\woodstox-core\7.1.1\woodstox-core-7.1.1.jar;C:\Users\User\.m2\repository\org\springframework\cloud\spring-cloud-starter-loadbalancer\4.3.0\spring-cloud-starter-loadbalancer-4.3.0.jar;C:\Users\User\.m2\repository\org\springframework\cloud\spring-cloud-loadbalancer\4.3.0\spring-cloud-loadbalancer-4.3.0.jar;C:\Users\User\.m2\repository\io\projectreactor\reactor-core\3.7.7\reactor-core-3.7.7.jar;C:\Users\User\.m2\repository\org\reactivestreams\reactive-streams\1.0.4\reactive-streams-1.0.4.jar;C:\Users\User\.m2\repository\io\projectreactor\addons\reactor-extra\3.5.2\reactor-extra-3.5.2.jar;C:\Users\User\.m2\repository\org\springframework\boot\spring-boot-starter-cache\3.5.3\spring-boot-starter-cache-3.5.3.jar;C:\Users\User\.m2\repository\com\stoyanr\evictor\1.0.0\evictor-1.0.0.jar;C:\Users\User\.m2\repository\org\glassfish\jaxb\jaxb-runtime\4.0.5\jaxb-runtime-4.0.5.jar;C:\Users\User\.m2\repository\org\glassfish\jaxb\jaxb-core\4.0.5\jaxb-core-4.0.5.jar;C:\Users\User\.m2\repository\org\eclipse\angus\angus-activation\2.0.2\angus-activation-2.0.2.jar;C:\Users\User\.m2\repository\org\glassfish\jaxb\txw2\4.0.5\txw2-4.0.5.jar;C:\Users\User\.m2\repository\com\sun\istack\istack-commons-runtime\4.1.2\istack-commons-runtime-4.1.2.jar;C:\Users\User\.m2\repository\org\slf4j\slf4j-api\2.0.17\slf4j-api-2.0.17.jar;C:\Users\User\.m2\repository\jakarta\xml\bind\jakarta.xml.bind-api\4.0.2\jakarta.xml.bind-api-4.0.2.jar;C:\Users\User\.m2\repository\jakarta\activation\jakarta.activation-api\2.1.3\jakarta.activation-api-2.1.3.jar;C:\Users\User\.m2\repository\org\springframework\spring-core\6.2.8\spring-core-6.2.8.jar;C:\Users\User\.m2\repository\org\springframework\spring-jcl\6.2.8\spring-jcl-6.2.8.jar
Launcher Type: SUN_STANDARD

[Global flags]
     intx CICompilerCount                          = 4                                         {product} {ergonomic}
     uint ConcGCThreads                            = 2                                         {product} {ergonomic}
     uint G1ConcRefinementThreads                  = 8                                         {product} {ergonomic}
   size_t G1HeapRegionSize                         = 1048576                                   {product} {ergonomic}
    uintx GCDrainStackTargetSize                   = 64                                        {product} {ergonomic}
   size_t InitialHeapSize                          = 123731968                                 {product} {ergonomic}
     bool ManagementServer                         = true                                      {product} {command line}
   size_t MarkStackSize                            = 4194304                                   {product} {ergonomic}
   size_t MaxHeapSize                              = 1954545664                                {product} {ergonomic}
   size_t MaxNewSize                               = 1172307968                                {product} {ergonomic}
   size_t MinHeapDeltaBytes                        = 1048576                                   {product} {ergonomic}
   size_t MinHeapSize                              = 8388608                                   {product} {ergonomic}
    uintx NonNMethodCodeHeapSize                   = 5839372                                {pd product} {ergonomic}
    uintx NonProfiledCodeHeapSize                  = 122909434                              {pd product} {ergonomic}
    uintx ProfiledCodeHeapSize                     = 122909434                              {pd product} {ergonomic}
    uintx ReservedCodeCacheSize                    = 251658240                              {pd product} {ergonomic}
     bool SegmentedCodeCache                       = true                                      {product} {ergonomic}
     bool ShowCodeDetailsInExceptionMessages       = true                                   {manageable} {command line}
   size_t SoftMaxHeapSize                          = 1954545664                             {manageable} {ergonomic}
     bool UseCompressedOops                        = true                           {product lp64_product} {ergonomic}
     bool UseG1GC                                  = true                                      {product} {ergonomic}
     bool UseLargePagesIndividualAllocation        = false                                  {pd product} {ergonomic}

Logging:
Log output configuration:
 #0: stdout all=warning uptime,level,tags foldmultilines=false
 #1: stderr all=off uptime,level,tags foldmultilines=false

Release file:
IMPLEMENTOR="Eclipse Adoptium" 
IMPLEMENTOR_VERSION="Temurin-21.0.11+10" 
JAVA_RUNTIME_VERSION="21.0.11+10-LTS" 
JAVA_VERSION="21.0.11" 
JAVA_VERSION_DATE="2026-04-21" 
LIBC="default" 
MODULES="java.base java.compiler java.datatransfer java.xml java.prefs java.desktop java.instrument java.logging java.management java.security.sasl java.naming java.rmi java.management.rmi java.net.http java.scripting java.security.jgss java.transaction.xa java.sql java.sql.rowset java.xml.crypto java.se java.smartcardio jdk.accessibility jdk.internal.jvmstat jdk.attach jdk.charsets jdk.internal.opt jdk.zipfs jdk.compiler jdk.crypto.ec jdk.crypto.cryptoki jdk.crypto.mscapi jdk.dynalink jdk.internal.ed jdk.editpad jdk.hotspot.agent jdk.httpserver jdk.incubator.vector jdk.internal.le jdk.internal.vm.ci jdk.internal.vm.compiler jdk.internal.vm.compiler.management jdk.jartool jdk.javadoc jdk.jcmd jdk.management jdk.management.agent jdk.jconsole jdk.jdeps jdk.jdwp.agent jdk.jdi jdk.jfr jdk.jlink jdk.jpackage jdk.jshell jdk.jsobject jdk.jstatd jdk.localedata jdk.management.jfr jdk.naming.dns jdk.naming.rmi jdk.net jdk.nio.mapmode jdk.random jdk.sctp jdk.security.auth jdk.security.jgss jdk.unsupported jdk.unsupported.desktop jdk.xml.dom" 
OS_ARCH="x86_64" 
OS_NAME="Windows" 
SOURCE=".:git:254494ad7d75" 
BUILD_SOURCE="git:a612825ee82a20ac872d60958c349854c1f29a8e"
BUILD_SOURCE_REPO="https://github.com/adoptium/temurin-build.git"
SOURCE_REPO="https://github.com/adoptium/jdk21u.git"
FULL_VERSION="21.0.11+10-LTS"
SEMANTIC_VERSION="21.0.11+10"
BUILD_INFO="OS: Windows Server 2022 Version: 10.0"
JVM_VARIANT="Hotspot"
JVM_VERSION="21.0.11+10-LTS"
IMAGE_TYPE="JDK"

Environment Variables:
PATH=C:\Program Files\Eclipse Adoptium\jdk-25.0.3.9-hotspot\bin;C:\Windows\system32;C:\Windows;C:\Windows\System32\Wbem;C:\Windows\System32\WindowsPowerShell\v1.0\;C:\Windows\System32\OpenSSH\;C:\Program Files\Git\cmd;C:\Program Files\R\R-4.5.3\bin;C:\Program Files\Docker\Docker\resources\bin;C:\Program Files\nodejs\;C:\Program Files\dotnet\;C:\Program Files (x86)\Windows Kits\10\Windows Performance Toolkit\;C:\Users\User\AppData\Local\Programs\Eclipse Adoptium\jdk-21.0.11.10-hotspot\bin;C:\Users\User\AppData\Local\Microsoft\WindowsApps;C:\Users\User\AppData\Local\Programs\Microsoft VS Code\bin;C:\Users\User\AppData\Local\Python\bin;C:\Users\User\AppData\Roaming\npm;c:\Users\User\.vscode\extensions\vscjava.vscode-java-debug-0.59.0\bundled\scripts\noConfigScripts
USERNAME=User
LANG=en_US.UTF-8
OS=Windows_NT
PROCESSOR_IDENTIFIER=AMD64 Family 23 Model 160 Stepping 0, AuthenticAMD
TMP=C:\Users\User\AppData\Local\Temp
TEMP=C:\Users\User\AppData\Local\Temp




Periodic native trim disabled

---------------  S Y S T E M  ---------------

OS:
 Windows 11 , 64 bit Build 26100 (10.0.26100.9168)
OS uptime: 9 days 7:35 hours
Hyper-V role detected

CPU: total 8 (initial active 8) (8 cores per cpu, 2 threads per core) family 23 model 160 stepping 0 microcode 0x8a00006, cx8, cmov, fxsr, ht, mmx, 3dnowpref, sse, sse2, sse3, ssse3, sse4a, sse4.1, sse4.2, popcnt, lzcnt, tsc, tscinvbit, avx, avx2, aes, clmul, bmi1, bmi2, adx, sha, fma, vzeroupper, clflush, clflushopt, hv, rdtscp, rdpid, f16c
Processor Information for the first 8 processors :
  Max Mhz: 2801, Current Mhz: 2801, Mhz Limit: 2801

Memory: 4k page, system-wide physical 7455M (368M free)
TotalPageFile size 29983M (AvailPageFile size 371M)
current process WorkingSet (physical memory assigned to process): 88M, peak: 255M
current process commit charge ("private bytes"): 305M, peak: 328M

vm_info: OpenJDK 64-Bit Server VM (21.0.11+10-LTS) for windows-amd64 JRE (21.0.11+10-LTS), built on 2026-04-21T00:00:00Z by "admin" with MS VC++ 17.12 (VS2022)

END.
